<html>
<body>
<pre>
<h1>礦ision Build Log</h1>
<h2>Tool Versions:</h2>
IDE-Version: μVision V5.14.0.0
Copyright (C) 2015 ARM Ltd and ARM Germany GmbH. All rights reserved.
License Information: vcxcv asd, asd, LIC=R4HGK-ZIIIF-HPZZN-YFVCW-NS04Q-EYY09
 
Tool Versions:
Toolchain:       MDK-ARM Professional  Version: 5.14.0.0
Toolchain Path:  D:\KEIL5\ARM\ARMCC\Bin
C Compiler:      Armcc.exe V5.05 update 1 (build 106)
Assembler:       Armasm.exe V5.05 update 1 (build 106)
Linker/Locator:  ArmLink.exe V5.05 update 1 (build 106)
Library Manager: ArmAr.exe V5.05 update 1 (build 106)
Hex Converter:   FromElf.exe V5.05 update 1 (build 106)
CPU DLL:         SARMCM3.DLL V5.14.0.0
Dialog DLL:      DCM.DLL V1.13.1.0
Target DLL:      Segger\JL2CM3.dll V2.99.13.0
Dialog DLL:      TCM.DLL V1.14.4.0
 
<h2>Project:</h2>
C:\Users\xiaohong xiao\Desktop\电赛-省赛\程序工程\最终工程\比赛工程123 - 8\USER\OV7670.uvprojx
Project File Date:  08/12/2017

<h2>Output:</h2>
Build target 'OV7670'
compiling main.c...
..\HARDWARE\GAI\GAI.h(52): warning:  #1-D: last line of file ends without a newline
  #endif
main.c(300): warning:  #1-D: last line of file ends without a newline
  }
main.c: 2 warnings, 0 errors
compiling stm32f10x_it.c...
compiling system_stm32f10x.c...
compiling lcd.c...
compiling exti.c...
compiling timer.c...
compiling ov7670.c...
compiling sccb.c...
compiling control.c...
compiling global.c...
compiling task.c...
..\HARDWARE\GAI\GAI.h(52): warning:  #1-D: last line of file ends without a newline
  #endif
..\HARDWARE\TASK\task.c: 1 warning, 0 errors
compiling key.c...
compiling led.c...
compiling delay.c...
compiling sys.c...
compiling usart.c...
compiling core_cm3.c...
assembling startup_stm32f10x_hd.s...
compiling misc.c...
compiling stm32f10x_fsmc.c...
compiling stm32f10x_gpio.c...
compiling stm32f10x_rcc.c...
compiling stm32f10x_usart.c...
compiling stm32f10x_exti.c...
compiling stm32f10x_tim.c...
compiling GAI.c...
..\HARDWARE\GAI\GAI.h(52): warning:  #1-D: last line of file ends without a newline
  #endif
..\HARDWARE\GAI\GAI.c: 1 warning, 0 errors
linking...
Program Size: Code=25326 RO-data=6794 RW-data=192 ZI-data=1424  
FromELF: creating hex file...
"..\OBJ\OV7670.axf" - 0 Error(s), 4 Warning(s).

<h2>Collection of Component include folders:</h2>
  C:\Users\xiaohong xiao\Desktop\电赛-省赛\程序工程\最终工程\比赛工程123 - 8\USER\RTE
  D:\KEIL5\ARM\PACK\Keil\STM32F1xx_DFP\1.0.5\Device\Include

<h2>Collection of Component Files used:</h2>
</pre>
</body>
</html>
