Component: ARM Compiler 5.05 update 1 (build 106) Tool: armlink [4d0efa]

==============================================================================

Section Cross References

    main.o(i.main) refers to delay.o(i.delay_init) for delay_init
    main.o(i.main) refers to led.o(i.LED_Init) for LED_Init
    main.o(i.main) refers to key.o(i.KEY_Init) for KEY_Init
    main.o(i.main) refers to misc.o(i.NVIC_PriorityGroupConfig) for NVIC_PriorityGroupConfig
    main.o(i.main) refers to usart.o(i.uart_init) for uart_init
    main.o(i.main) refers to lcd.o(i.LCD_Init) for LCD_Init
    main.o(i.main) refers to timer.o(i.TIM3_PWM_Init) for TIM3_PWM_Init
    main.o(i.main) refers to timer.o(i.TIM6_Int_Init) for TIM6_Int_Init
    main.o(i.main) refers to exti.o(i.EXTI8_Init) for EXTI8_Init
    main.o(i.main) refers to lcd.o(i.LCD_Clear) for LCD_Clear
    main.o(i.main) refers to lcd.o(i.LCD_ShowString) for LCD_ShowString
    main.o(i.main) refers to ov7670.o(i.OV7670_Init) for OV7670_Init
    main.o(i.main) refers to delay.o(i.delay_ms) for delay_ms
    main.o(i.main) refers to ov7670.o(i.OV7670_Light_Mode) for OV7670_Light_Mode
    main.o(i.main) refers to ov7670.o(i.OV7670_Color_Saturation) for OV7670_Color_Saturation
    main.o(i.main) refers to ov7670.o(i.OV7670_Contrast) for OV7670_Contrast
    main.o(i.main) refers to ov7670.o(i.OV7670_Special_Effects) for OV7670_Special_Effects
    main.o(i.main) refers to ov7670.o(i.OV7670_Window_Set) for OV7670_Window_Set
    main.o(i.main) refers to lcd.o(i.LCD_ShowNum) for LCD_ShowNum
    main.o(i.main) refers to key.o(i.KEY_Scan) for KEY_Scan
    main.o(i.main) refers to stm32f10x_gpio.o(i.GPIO_ReadInputDataBit) for GPIO_ReadInputDataBit
    main.o(i.main) refers to task.o(.data) for taskFlag
    main.o(i.main) refers to global.o(.data) for SV
    main.o(i.main) refers to control.o(.bss) for X
    main.o(i.main) refers to timer.o(.data) for times
    main.o(i.main) refers to gai.o(.data) for key_flag
    main.o(i.main) refers to gai.o(.data) for task5_area
    system_stm32f10x.o(i.SystemCoreClockUpdate) refers to system_stm32f10x.o(.data) for .data
    system_stm32f10x.o(i.SystemInit) refers to system_stm32f10x.o(i.SetSysClockTo72) for SetSysClockTo72
    lcd.o(i.LCD_Clear) refers to lcd.o(i.LCD_SetCursor) for LCD_SetCursor
    lcd.o(i.LCD_Clear) refers to lcd.o(i.LCD_WriteRAM_Prepare) for LCD_WriteRAM_Prepare
    lcd.o(i.LCD_Clear) refers to lcd.o(.bss) for .bss
    lcd.o(i.LCD_Color_Fill) refers to lcd.o(i.LCD_SetCursor) for LCD_SetCursor
    lcd.o(i.LCD_Color_Fill) refers to lcd.o(i.LCD_WriteRAM_Prepare) for LCD_WriteRAM_Prepare
    lcd.o(i.LCD_DisplayOff) refers to lcd.o(i.LCD_WriteReg) for LCD_WriteReg
    lcd.o(i.LCD_DisplayOff) refers to lcd.o(.bss) for .bss
    lcd.o(i.LCD_DisplayOn) refers to lcd.o(i.LCD_WriteReg) for LCD_WriteReg
    lcd.o(i.LCD_DisplayOn) refers to lcd.o(.bss) for .bss
    lcd.o(i.LCD_Display_Dir) refers to lcd.o(i.LCD_Scan_Dir) for LCD_Scan_Dir
    lcd.o(i.LCD_Display_Dir) refers to lcd.o(.bss) for .bss
    lcd.o(i.LCD_DrawLine) refers to lcd.o(i.LCD_DrawPoint) for LCD_DrawPoint
    lcd.o(i.LCD_DrawPoint) refers to lcd.o(i.LCD_SetCursor) for LCD_SetCursor
    lcd.o(i.LCD_DrawPoint) refers to lcd.o(i.LCD_WriteRAM_Prepare) for LCD_WriteRAM_Prepare
    lcd.o(i.LCD_DrawPoint) refers to lcd.o(.data) for .data
    lcd.o(i.LCD_DrawRectangle) refers to lcd.o(i.LCD_DrawLine) for LCD_DrawLine
    lcd.o(i.LCD_Draw_Circle) refers to lcd.o(i.LCD_DrawPoint) for LCD_DrawPoint
    lcd.o(i.LCD_Fast_DrawPoint) refers to lcd.o(i.LCD_WriteReg) for LCD_WriteReg
    lcd.o(i.LCD_Fast_DrawPoint) refers to lcd.o(.bss) for .bss
    lcd.o(i.LCD_Fill) refers to lcd.o(i.LCD_SetCursor) for LCD_SetCursor
    lcd.o(i.LCD_Fill) refers to lcd.o(i.LCD_WriteRAM_Prepare) for LCD_WriteRAM_Prepare
    lcd.o(i.LCD_Fill) refers to lcd.o(.bss) for .bss
    lcd.o(i.LCD_Init) refers to _printf_percent.o(.ARM.Collect$$_printf_percent$$00000000) for _printf_percent
    lcd.o(i.LCD_Init) refers to _printf_x.o(.ARM.Collect$$_printf_percent$$0000000C) for _printf_x
    lcd.o(i.LCD_Init) refers to _printf_hex_int.o(.text) for _printf_longlong_hex
    lcd.o(i.LCD_Init) refers to stm32f10x_rcc.o(i.RCC_AHBPeriphClockCmd) for RCC_AHBPeriphClockCmd
    lcd.o(i.LCD_Init) refers to stm32f10x_rcc.o(i.RCC_APB2PeriphClockCmd) for RCC_APB2PeriphClockCmd
    lcd.o(i.LCD_Init) refers to stm32f10x_gpio.o(i.GPIO_Init) for GPIO_Init
    lcd.o(i.LCD_Init) refers to stm32f10x_fsmc.o(i.FSMC_NORSRAMInit) for FSMC_NORSRAMInit
    lcd.o(i.LCD_Init) refers to stm32f10x_fsmc.o(i.FSMC_NORSRAMCmd) for FSMC_NORSRAMCmd
    lcd.o(i.LCD_Init) refers to delay.o(i.delay_ms) for delay_ms
    lcd.o(i.LCD_Init) refers to lcd.o(i.LCD_ReadReg) for LCD_ReadReg
    lcd.o(i.LCD_Init) refers to lcd.o(i.LCD_RD_DATA) for LCD_RD_DATA
    lcd.o(i.LCD_Init) refers to noretval__2printf.o(.text) for __2printf
    lcd.o(i.LCD_Init) refers to lcd.o(.bss) for .bss
    lcd.o(i.LCD_Init) refers to lcd.o(i.LCD_WriteReg) for LCD_WriteReg
[...]
    ../clib/angel/sysapp.c                   0x00000000   Number         0  sys_wrch.o ABSOLUTE
    ../clib/armsys.c                         0x00000000   Number         0  _get_argv_nomalloc.o ABSOLUTE
    ../clib/armsys.c                         0x00000000   Number         0  argv_veneer.o ABSOLUTE
    ../clib/armsys.c                         0x00000000   Number         0  argv_veneer.o ABSOLUTE
    ../clib/armsys.c                         0x00000000   Number         0  no_argv.o ABSOLUTE
    ../clib/heapalloc.c                      0x00000000   Number         0  hrguard.o ABSOLUTE
    ../clib/heapaux.c                        0x00000000   Number         0  heapauxi.o ABSOLUTE
    ../clib/libinit.s                        0x00000000   Number         0  libinit.o ABSOLUTE
    ../clib/libinit.s                        0x00000000   Number         0  libinit2.o ABSOLUTE
    ../clib/libinit.s                        0x00000000   Number         0  libshutdown2.o ABSOLUTE
    ../clib/libinit.s                        0x00000000   Number         0  libshutdown.o ABSOLUTE
    ../clib/printf.c                         0x00000000   Number         0  _printf_hex_ptr.o ABSOLUTE
    ../clib/printf.c                         0x00000000   Number         0  _printf_hex_int_ll.o ABSOLUTE
    ../clib/printf.c                         0x00000000   Number         0  _printf_hex_ll_ptr.o ABSOLUTE
    ../clib/printf.c                         0x00000000   Number         0  _printf_intcommon.o ABSOLUTE
    ../clib/printf.c                         0x00000000   Number         0  _printf_char_file.o ABSOLUTE
    ../clib/printf.c                         0x00000000   Number         0  __printf_flags_ss.o ABSOLUTE
    ../clib/printf.c                         0x00000000   Number         0  noretval__2printf.o ABSOLUTE
    ../clib/printf.c                         0x00000000   Number         0  __printf_ss.o ABSOLUTE
    ../clib/printf.c                         0x00000000   Number         0  __printf_ss_wp.o ABSOLUTE
    ../clib/printf.c                         0x00000000   Number         0  __2printf.o ABSOLUTE
    ../clib/printf.c                         0x00000000   Number         0  _printf_hex_int_ptr.o ABSOLUTE
    ../clib/printf.c                         0x00000000   Number         0  __printf_flags.o ABSOLUTE
    ../clib/printf.c                         0x00000000   Number         0  _printf_hex_ll.o ABSOLUTE
    ../clib/printf.c                         0x00000000   Number         0  _printf_char_common.o ABSOLUTE
    ../clib/printf.c                         0x00000000   Number         0  _printf_hex_int.o ABSOLUTE
    ../clib/printf.c                         0x00000000   Number         0  _printf_hex_int_ll_ptr.o ABSOLUTE
    ../clib/printf.c                         0x00000000   Number         0  __printf_nopercent.o ABSOLUTE
    ../clib/printf.c                         0x00000000   Number         0  __printf_wp.o ABSOLUTE
    ../clib/printf.c                         0x00000000   Number         0  __printf_flags_wp.o ABSOLUTE
    ../clib/printf.c                         0x00000000   Number         0  __printf_flags_ss_wp.o ABSOLUTE
    ../clib/printf.c                         0x00000000   Number         0  __printf.o ABSOLUTE
    ../clib/printf_percent.s                 0x00000000   Number         0  _printf_x.o ABSOLUTE
    ../clib/printf_percent.s                 0x00000000   Number         0  _printf_percent_end.o ABSOLUTE
    ../clib/printf_percent.s                 0x00000000   Number         0  _printf_percent.o ABSOLUTE
    ../clib/signal.c                         0x00000000   Number         0  __raise.o ABSOLUTE
    ../clib/signal.c                         0x00000000   Number         0  defsig_rtmem_inner.o ABSOLUTE
    ../clib/signal.c                         0x00000000   Number         0  defsig_exit.o ABSOLUTE
    ../clib/signal.c                         0x00000000   Number         0  defsig_rtmem_formal.o ABSOLUTE
    ../clib/signal.c                         0x00000000   Number         0  defsig_pvfn_inner.o ABSOLUTE
    ../clib/signal.c                         0x00000000   Number         0  defsig_stak_inner.o ABSOLUTE
    ../clib/signal.c                         0x00000000   Number         0  defsig_rtred_inner.o ABSOLUTE
    ../clib/signal.c                         0x00000000   Number         0  defsig_rtmem_outer.o ABSOLUTE
    ../clib/signal.c                         0x00000000   Number         0  defsig_fpe_inner.o ABSOLUTE
    ../clib/signal.c                         0x00000000   Number         0  defsig_abrt_inner.o ABSOLUTE
    ../clib/signal.c                         0x00000000   Number         0  defsig_cppl_inner.o ABSOLUTE
    ../clib/signal.c                         0x00000000   Number         0  defsig_segv_inner.o ABSOLUTE
    ../clib/signal.c                         0x00000000   Number         0  defsig_other.o ABSOLUTE
    ../clib/signal.c                         0x00000000   Number         0  defsig_general.o ABSOLUTE
    ../clib/signal.s                         0x00000000   Number         0  defsig.o ABSOLUTE
    ../clib/stdio.c                          0x00000000   Number         0  ferror.o ABSOLUTE
    ../clib/stdio.c                          0x00000000   Number         0  ferror_locked.o ABSOLUTE
    ../clib/stdlib.c                         0x00000000   Number         0  exit.o ABSOLUTE
    ../fplib/dfixu.s                         0x00000000   Number         0  dfixu.o ABSOLUTE
    ../fplib/dflt.s                          0x00000000   Number         0  dflt_clz.o ABSOLUTE
    ../fplib/dmul.s                          0x00000000   Number         0  dmul.o ABSOLUTE
    ../fplib/dnaninf.s                       0x00000000   Number         0  dnaninf.o ABSOLUTE
    ../fplib/dretinf.s                       0x00000000   Number         0  dretinf.o ABSOLUTE
    ../fplib/faddsub.s                       0x00000000   Number         0  faddsub_clz.o ABSOLUTE
    ../fplib/ffix.s                          0x00000000   Number         0  ffix.o ABSOLUTE
    ../fplib/fflt.s                          0x00000000   Number         0  fflt_clz.o ABSOLUTE
    ../fplib/fmul.s                          0x00000000   Number         0  fmul.o ABSOLUTE
    ../fplib/fnaninf.s                       0x00000000   Number         0  fnaninf.o ABSOLUTE
    ../fplib/fpinit.s                        0x00000000   Number         0  fpinit.o ABSOLUTE
    ../fplib/fretinf.s                       0x00000000   Number         0  fretinf.o ABSOLUTE
    ../fplib/usenofp.s                       0x00000000   Number         0  usenofp.o ABSOLUTE
    ..\CORE\core_cm3.c                       0x00000000   Number         0  core_cm3.o ABSOLUTE
    ..\CORE\startup_stm32f10x_hd.s           0x00000000   Number         0  startup_stm32f10x_hd.o ABSOLUTE
    ..\HARDWARE\CONTROL\control.c            0x00000000   Number         0  control.o ABSOLUTE
    ..\HARDWARE\EXTI\exti.c                  0x00000000   Number         0  exti.o ABSOLUTE
    ..\HARDWARE\GAI\GAI.c                    0x00000000   Number         0  gai.o ABSOLUTE
    ..\HARDWARE\GLOBAL\global.c              0x00000000   Number         0  global.o ABSOLUTE
    ..\HARDWARE\KEY\key.c                    0x00000000   Number         0  key.o ABSOLUTE
    ..\HARDWARE\LCD\lcd.c                    0x00000000   Number         0  lcd.o ABSOLUTE
    ..\HARDWARE\LED\led.c                    0x00000000   Number         0  led.o ABSOLUTE
    ..\HARDWARE\OV7670\ov7670.c              0x00000000   Number         0  ov7670.o ABSOLUTE
    ..\HARDWARE\OV7670\sccb.c                0x00000000   Number         0  sccb.o ABSOLUTE
    ..\HARDWARE\TASK\task.c                  0x00000000   Number         0  task.o ABSOLUTE
    ..\HARDWARE\TIMER\timer.c                0x00000000   Number         0  timer.o ABSOLUTE
    ..\STM32F10x_FWLib\src\misc.c            0x00000000   Number         0  misc.o ABSOLUTE
    ..\STM32F10x_FWLib\src\stm32f10x_exti.c  0x00000000   Number         0  stm32f10x_exti.o ABSOLUTE
    ..\STM32F10x_FWLib\src\stm32f10x_fsmc.c  0x00000000   Number         0  stm32f10x_fsmc.o ABSOLUTE
    ..\STM32F10x_FWLib\src\stm32f10x_gpio.c  0x00000000   Number         0  stm32f10x_gpio.o ABSOLUTE
    ..\STM32F10x_FWLib\src\stm32f10x_rcc.c   0x00000000   Number         0  stm32f10x_rcc.o ABSOLUTE
    ..\STM32F10x_FWLib\src\stm32f10x_tim.c   0x00000000   Number         0  stm32f10x_tim.o ABSOLUTE
    ..\STM32F10x_FWLib\src\stm32f10x_usart.c 0x00000000   Number         0  stm32f10x_usart.o ABSOLUTE
    ..\SYSTEM\delay\delay.c                  0x00000000   Number         0  delay.o ABSOLUTE
    ..\SYSTEM\sys\sys.c                      0x00000000   Number         0  sys.o ABSOLUTE
    ..\SYSTEM\usart\usart.c                  0x00000000   Number         0  usart.o ABSOLUTE
    ..\\CORE\\core_cm3.c                     0x00000000   Number         0  core_cm3.o ABSOLUTE
    ..\\SYSTEM\\sys\\sys.c                   0x00000000   Number         0  sys.o ABSOLUTE
    dc.s                                     0x00000000   Number         0  dc.o ABSOLUTE
    main.c                                   0x00000000   Number         0  main.o ABSOLUTE
    stm32f10x_it.c                           0x00000000   Number         0  stm32f10x_it.o ABSOLUTE
    system_stm32f10x.c                       0x00000000   Number         0  system_stm32f10x.o ABSOLUTE
    RESET                                    0x08000000   Section      304  startup_stm32f10x_hd.o(RESET)
    !!!main                                  0x08000130   Section        8  __main.o(!!!main)
    !!!scatter                               0x08000138   Section       52  __scatter.o(!!!scatter)
    !!handler_copy                           0x0800016c   Section       26  __scatter_copy.o(!!handler_copy)
    !!handler_zi                             0x08000188   Section       28  __scatter_zi.o(!!handler_zi)
    .ARM.Collect$$_printf_percent$$00000000  0x080001a4   Section        0  _printf_percent.o(.ARM.Collect$$_printf_percent$$00000000)
    .ARM.Collect$$_printf_percent$$0000000C  0x080001a4   Section        6  _printf_x.o(.ARM.Collect$$_printf_percent$$0000000C)
    .ARM.Collect$$_printf_percent$$00000017  0x080001aa   Section        4  _printf_percent_end.o(.ARM.Collect$$_printf_percent$$00000017)
    .ARM.Collect$$libinit$$00000000          0x080001ae   Section        2  libinit.o(.ARM.Collect$$libinit$$00000000)
    .ARM.Collect$$libinit$$00000002          0x080001b0   Section        0  libinit2.o(.ARM.Collect$$libinit$$00000002)
    .ARM.Collect$$libinit$$00000004          0x080001b0   Section        0  libinit2.o(.ARM.Collect$$libinit$$00000004)
    .ARM.Collect$$libinit$$0000000A          0x080001b0   Section        0  libinit2.o(.ARM.Collect$$libinit$$0000000A)
    .ARM.Collect$$libinit$$0000000C          0x080001b0   Section        0  libinit2.o(.ARM.Collect$$libinit$$0000000C)
    .ARM.Collect$$libinit$$0000000E          0x080001b0   Section        0  libinit2.o(.ARM.Collect$$libinit$$0000000E)
    .ARM.Collect$$libinit$$00000011          0x080001b0   Section        0  libinit2.o(.ARM.Collect$$libinit$$00000011)
    .ARM.Collect$$libinit$$00000013          0x080001b0   Section        0  libinit2.o(.ARM.Collect$$libinit$$00000013)
    .ARM.Collect$$libinit$$00000015          0x080001b0   Section        0  libinit2.o(.ARM.Collect$$libinit$$00000015)
    .ARM.Collect$$libinit$$00000017          0x080001b0   Section        0  libinit2.o(.ARM.Collect$$libinit$$00000017)
    .ARM.Collect$$libinit$$00000019          0x080001b0   Section        0  libinit2.o(.ARM.Collect$$libinit$$00000019)
    .ARM.Collect$$libinit$$0000001B          0x080001b0   Section        0  libinit2.o(.ARM.Collect$$libinit$$0000001B)
    .ARM.Collect$$libinit$$0000001D          0x080001b0   Section        0  libinit2.o(.ARM.Collect$$libinit$$0000001D)
    .ARM.Collect$$libinit$$0000001F          0x080001b0   Section        0  libinit2.o(.ARM.Collect$$libinit$$0000001F)
    .ARM.Collect$$libinit$$00000021          0x080001b0   Section        0  libinit2.o(.ARM.Collect$$libinit$$00000021)
    .ARM.Collect$$libinit$$00000023          0x080001b0   Section        0  libinit2.o(.ARM.Collect$$libinit$$00000023)
    .ARM.Collect$$libinit$$00000025          0x080001b0   Section        0  libinit2.o(.ARM.Collect$$libinit$$00000025)
    .ARM.Collect$$libinit$$0000002C          0x080001b0   Section        0  libinit2.o(.ARM.Collect$$libinit$$0000002C)
    .ARM.Collect$$libinit$$0000002E          0x080001b0   Section        0  libinit2.o(.ARM.Collect$$libinit$$0000002E)
    .ARM.Collect$$libinit$$00000030          0x080001b0   Section        0  libinit2.o(.ARM.Collect$$libinit$$00000030)
    .ARM.Collect$$libinit$$00000032          0x080001b0   Section        0  libinit2.o(.ARM.Collect$$libinit$$00000032)
    .ARM.Collect$$libinit$$00000033          0x080001b0   Section        2  libinit2.o(.ARM.Collect$$libinit$$00000033)
    .ARM.Collect$$libshutdown$$00000000      0x080001b2   Section        2  libshutdown.o(.ARM.Collect$$libshutdown$$00000000)
    .ARM.Collect$$libshutdown$$00000003      0x080001b4   Section        0  libshutdown2.o(.ARM.Collect$$libshutdown$$00000003)
    .ARM.Collect$$libshutdown$$00000006      0x080001b4   Section        0  libshutdown2.o(.ARM.Collect$$libshutdown$$00000006)
    .ARM.Collect$$libshutdown$$00000009      0x080001b4   Section        0  libshutdown2.o(.ARM.Collect$$libshutdown$$00000009)
    .ARM.Collect$$libshutdown$$0000000B      0x080001b4   Section        0  libshutdown2.o(.ARM.Collect$$libshutdown$$0000000B)
    .ARM.Collect$$libshutdown$$0000000E      0x080001b4   Section        0  libshutdown2.o(.ARM.Collect$$libshutdown$$0000000E)
    .ARM.Collect$$libshutdown$$0000000F      0x080001b4   Section        2  libshutdown2.o(.ARM.Collect$$libshutdown$$0000000F)
    .ARM.Collect$$rtentry$$00000000          0x080001b6   Section        0  __rtentry.o(.ARM.Collect$$rtentry$$00000000)
    .ARM.Collect$$rtentry$$00000002          0x080001b6   Section        0  __rtentry2.o(.ARM.Collect$$rtentry$$00000002)
    .ARM.Collect$$rtentry$$00000004          0x080001b6   Section        6  __rtentry4.o(.ARM.Collect$$rtentry$$00000004)
    .ARM.Collect$$rtentry$$00000009          0x080001bc   Section        0  __rtentry2.o(.ARM.Collect$$rtentry$$00000009)
    .ARM.Collect$$rtentry$$0000000A          0x080001bc   Section        4  __rtentry2.o(.ARM.Collect$$rtentry$$0000000A)
    .ARM.Collect$$rtentry$$0000000C          0x080001c0   Section        0  __rtentry2.o(.ARM.Collect$$rtentry$$0000000C)
    .ARM.Collect$$rtentry$$0000000D          0x080001c0   Section        8  __rtentry2.o(.ARM.Collect$$rtentry$$0000000D)
    .ARM.Collect$$rtexit$$00000000           0x080001c8   Section        2  rtexit.o(.ARM.Collect$$rtexit$$00000000)
    .ARM.Collect$$rtexit$$00000002           0x080001ca   Section        0  rtexit2.o(.ARM.Collect$$rtexit$$00000002)
    .ARM.Collect$$rtexit$$00000003           0x080001ca   Section        4  rtexit2.o(.ARM.Collect$$rtexit$$00000003)
    .ARM.Collect$$rtexit$$00000004           0x080001ce   Section        6  rtexit2.o(.ARM.Collect$$rtexit$$00000004)
    .text                                    0x080001d4   Section       60  startup_stm32f10x_hd.o(.text)
    .text                                    0x08000210   Section        2  use_no_semi_2.o(.text)
    .text                                    0x08000214   Section        0  noretval__2printf.o(.text)
    .text                                    0x0800022c   Section        0  __printf.o(.text)
    .text                                    0x08000294   Section        0  _printf_hex_int.o(.text)
    .text                                    0x080002ec   Section        0  heapauxi.o(.text)
    .text                                    0x080002f2   Section        2  use_no_semi.o(.text)
    .text                                    0x080002f4   Section        0  _printf_intcommon.o(.text)
    .text                                    0x080003a8   Section        0  _printf_char_file.o(.text)
    .text                                    0x080003cc   Section        0  _printf_char_common.o(.text)
    _printf_input_char                       0x080003cd   Thumb Code    10  _printf_char_common.o(.text)
    .text                                    0x080003fc   Section        0  ferror.o(.text)
    .text                                    0x08000404   Section       74  sys_stackheap_outer.o(.text)
    .text                                    0x0800044e   Section        0  exit.o(.text)
    .text                                    0x0800045c   Section        8  libspace.o(.text)
    i.BusFault_Handler                       0x08000464   Section        0  stm32f10x_it.o(i.BusFault_Handler)
    i.DebugMon_Handler                       0x08000466   Section        0  stm32f10x_it.o(i.DebugMon_Handler)
    i.EXTI8_Init                             0x08000468   Section        0  exti.o(i.EXTI8_Init)
    i.EXTI9_5_IRQHandler                     0x080004ac   Section        0  exti.o(i.EXTI9_5_IRQHandler)
    i.EXTI_ClearITPendingBit                 0x080004f0   Section        0  stm32f10x_exti.o(i.EXTI_ClearITPendingBit)
    i.EXTI_GetITStatus                       0x080004fc   Section        0  stm32f10x_exti.o(i.EXTI_GetITStatus)
    i.EXTI_Init                              0x0800051c   Section        0  stm32f10x_exti.o(i.EXTI_Init)
    i.FSMC_NORSRAMCmd                        0x0800058c   Section        0  stm32f10x_fsmc.o(i.FSMC_NORSRAMCmd)
    i.FSMC_NORSRAMInit                       0x080005ac   Section        0  stm32f10x_fsmc.o(i.FSMC_NORSRAMInit)
    i.GPIO_EXTILineConfig                    0x08000674   Section        0  stm32f10x_gpio.o(i.GPIO_EXTILineConfig)
    i.GPIO_Init                              0x0800069c   Section        0  stm32f10x_gpio.o(i.GPIO_Init)
    i.GPIO_PinRemapConfig                    0x08000738   Section        0  stm32f10x_gpio.o(i.GPIO_PinRemapConfig)
    i.GPIO_ReadInputDataBit                  0x08000790   Section        0  stm32f10x_gpio.o(i.GPIO_ReadInputDataBit)
    i.GPIO_SetBits                           0x0800079e   Section        0  stm32f10x_gpio.o(i.GPIO_SetBits)
    i.HardFault_Handler                      0x080007a2   Section        0  stm32f10x_it.o(i.HardFault_Handler)
    i.KEY_Init                               0x080007a4   Section        0  key.o(i.KEY_Init)
    i.KEY_Scan                               0x080007e0   Section        0  key.o(i.KEY_Scan)
    i.LCD_Clear                              0x08000888   Section        0  lcd.o(i.LCD_Clear)
    i.LCD_Display_Dir                        0x080008f4   Section        0  lcd.o(i.LCD_Display_Dir)
    i.LCD_Fast_DrawPoint                     0x08000a28   Section        0  lcd.o(i.LCD_Fast_DrawPoint)
    i.LCD_Init                               0x08000b44   Section        0  lcd.o(i.LCD_Init)
    i.LCD_Pow                                0x08003958   Section        0  lcd.o(i.LCD_Pow)
    i.LCD_RD_DATA                            0x08003968   Section        0  lcd.o(i.LCD_RD_DATA)
    i.LCD_ReadReg                            0x0800397c   Section        0  lcd.o(i.LCD_ReadReg)
    i.LCD_SSD_BackLightSet                   0x08003994   Section        0  lcd.o(i.LCD_SSD_BackLightSet)
    i.LCD_Scan_Dir                           0x080039d0   Section        0  lcd.o(i.LCD_Scan_Dir)
    i.LCD_SetCursor                          0x08003b78   Section        0  lcd.o(i.LCD_SetCursor)
    i.LCD_ShowChar                           0x08003cc0   Section        0  lcd.o(i.LCD_ShowChar)
    i.LCD_ShowNum                            0x08003d8c   Section        0  lcd.o(i.LCD_ShowNum)
    i.LCD_ShowString                         0x08003e02   Section        0  lcd.o(i.LCD_ShowString)
    i.LCD_WriteRAM_Prepare                   0x08003e58   Section        0  lcd.o(i.LCD_WriteRAM_Prepare)
    i.LCD_WriteReg                           0x08003e6c   Section        0  lcd.o(i.LCD_WriteReg)
    i.LED_Init                               0x08003e7c   Section        0  led.o(i.LED_Init)
    i.MemManage_Handler                      0x08003ecc   Section        0  stm32f10x_it.o(i.MemManage_Handler)
    i.NMI_Handler                            0x08003ece   Section        0  stm32f10x_it.o(i.NMI_Handler)
    i.NVIC_Init                              0x08003ed0   Section        0  misc.o(i.NVIC_Init)
    i.NVIC_PriorityGroupConfig               0x08003f34   Section        0  misc.o(i.NVIC_PriorityGroupConfig)
    i.OV7670_Color_Saturation                0x08003f48   Section        0  ov7670.o(i.OV7670_Color_Saturation)
    i.OV7670_Contrast                        0x08003fba   Section        0  ov7670.o(i.OV7670_Contrast)
    i.OV7670_Init                            0x08003fe0   Section        0  ov7670.o(i.OV7670_Init)
    i.OV7670_Light_Mode                      0x080040f0   Section        0  ov7670.o(i.OV7670_Light_Mode)
    i.OV7670_Special_Effects                 0x08004142   Section        0  ov7670.o(i.OV7670_Special_Effects)
    i.OV7670_Window_Set                      0x08004196   Section        0  ov7670.o(i.OV7670_Window_Set)
    i.PID                                    0x08004204   Section        0  control.o(i.PID)
    i.PendSV_Handler                         0x08004370   Section        0  stm32f10x_it.o(i.PendSV_Handler)
    i.RCC_AHBPeriphClockCmd                  0x08004374   Section        0  stm32f10x_rcc.o(i.RCC_AHBPeriphClockCmd)
    i.RCC_APB1PeriphClockCmd                 0x0800438c   Section        0  stm32f10x_rcc.o(i.RCC_APB1PeriphClockCmd)
    i.RCC_APB2PeriphClockCmd                 0x080043a4   Section        0  stm32f10x_rcc.o(i.RCC_APB2PeriphClockCmd)
    i.RCC_GetClocksFreq                      0x080043bc   Section        0  stm32f10x_rcc.o(i.RCC_GetClocksFreq)
    i.SCCB_Init                              0x08004450   Section        0  sccb.o(i.SCCB_Init)
    i.SCCB_No_Ack                            0x080044bc   Section        0  sccb.o(i.SCCB_No_Ack)
    i.SCCB_RD_Byte                           0x08004500   Section        0  sccb.o(i.SCCB_RD_Byte)
    i.SCCB_RD_Reg                            0x08004574   Section        0  sccb.o(i.SCCB_RD_Reg)
    i.SCCB_Start                             0x080045c0   Section        0  sccb.o(i.SCCB_Start)
    i.SCCB_Stop                              0x080045f4   Section        0  sccb.o(i.SCCB_Stop)
    i.SCCB_WR_Byte                           0x0800462c   Section        0  sccb.o(i.SCCB_WR_Byte)
    i.SCCB_WR_Reg                            0x080046bc   Section        0  sccb.o(i.SCCB_WR_Reg)
    i.SVC_Handler                            0x080046fa   Section        0  stm32f10x_it.o(i.SVC_Handler)
    i.SetSysClockTo72                        0x080046fc   Section        0  system_stm32f10x.o(i.SetSysClockTo72)
    SetSysClockTo72                          0x080046fd   Thumb Code   160  system_stm32f10x.o(i.SetSysClockTo72)
    i.Set_PWM                                0x080047a4   Section        0  control.o(i.Set_PWM)
    i.Set_PWM_X                              0x08004800   Section        0  timer.o(i.Set_PWM_X)
    i.Set_PWM_Y                              0x0800480c   Section        0  timer.o(i.Set_PWM_Y)
    i.SysTick_CLKSourceConfig                0x08004818   Section        0  misc.o(i.SysTick_CLKSourceConfig)
    i.SysTick_Handler                        0x08004830   Section        0  stm32f10x_it.o(i.SysTick_Handler)
    i.SystemInit                             0x08004834   Section        0  system_stm32f10x.o(i.SystemInit)
    i.TIM3_PWM_Init                          0x08004884   Section        0  timer.o(i.TIM3_PWM_Init)
    i.TIM6_IRQHandler                        0x08004930   Section        0  timer.o(i.TIM6_IRQHandler)
    i.TIM6_Int_Init                          0x080049d8   Section        0  timer.o(i.TIM6_Int_Init)
    i.TIM_ARRPreloadConfig                   0x08004a38   Section        0  stm32f10x_tim.o(i.TIM_ARRPreloadConfig)
    i.TIM_ClearITPendingBit                  0x08004a4c   Section        0  stm32f10x_tim.o(i.TIM_ClearITPendingBit)
    i.TIM_Cmd                                0x08004a52   Section        0  stm32f10x_tim.o(i.TIM_Cmd)
    i.TIM_CtrlPWMOutputs                     0x08004a66   Section        0  stm32f10x_tim.o(i.TIM_CtrlPWMOutputs)
    i.TIM_GetITStatus                        0x08004a7c   Section        0  stm32f10x_tim.o(i.TIM_GetITStatus)
    i.TIM_ITConfig                           0x08004a94   Section        0  stm32f10x_tim.o(i.TIM_ITConfig)
    i.TIM_OC1Init                            0x08004aa4   Section        0  stm32f10x_tim.o(i.TIM_OC1Init)
    i.TIM_OC1PreloadConfig                   0x08004b24   Section        0  stm32f10x_tim.o(i.TIM_OC1PreloadConfig)
    i.TIM_OC2Init                            0x08004b30   Section        0  stm32f10x_tim.o(i.TIM_OC2Init)
    i.TIM_OC2PreloadConfig                   0x08004bb0   Section        0  stm32f10x_tim.o(i.TIM_OC2PreloadConfig)
    i.TIM_SetCompare1                        0x08004bc4   Section        0  stm32f10x_tim.o(i.TIM_SetCompare1)
    i.TIM_SetCompare2                        0x08004bc8   Section        0  stm32f10x_tim.o(i.TIM_SetCompare2)
    i.TIM_TimeBaseInit                       0x08004bcc   Section        0  stm32f10x_tim.o(i.TIM_TimeBaseInit)
    i.USART1_IRQHandler                      0x08004c68   Section        0  usart.o(i.USART1_IRQHandler)
    i.USART_Cmd                              0x08004ccc   Section        0  stm32f10x_usart.o(i.USART_Cmd)
    i.USART_GetITStatus                      0x08004ce0   Section        0  stm32f10x_usart.o(i.USART_GetITStatus)
    i.USART_ITConfig                         0x08004d1e   Section        0  stm32f10x_usart.o(i.USART_ITConfig)
    i.USART_Init                             0x08004d50   Section        0  stm32f10x_usart.o(i.USART_Init)
    i.USART_ReceiveData                      0x08004dfc   Section        0  stm32f10x_usart.o(i.USART_ReceiveData)
    i.UsageFault_Handler                     0x08004e04   Section        0  stm32f10x_it.o(i.UsageFault_Handler)
    i._sys_exit                              0x08004e06   Section        0  usart.o(i._sys_exit)
    i.camera_refresh                         0x08004e08   Section        0  control.o(i.camera_refresh)
    i.delay_init                             0x08004f4c   Section        0  delay.o(i.delay_init)
    i.delay_ms                               0x08004f88   Section        0  delay.o(i.delay_ms)
    i.delay_us                               0x08004fbc   Section        0  delay.o(i.delay_us)
    i.fputc                                  0x08004ff0   Section        0  usart.o(i.fputc)
    i.main                                   0x08005008   Section        0  main.o(i.main)
    i.select_choice                          0x080054cc   Section        0  gai.o(i.select_choice)
    i.task1                                  0x08005534   Section        0  task.o(i.task1)
    i.task2                                  0x080055d8   Section        0  task.o(i.task2)
    i.task3                                  0x0800564c   Section        0  task.o(i.task3)
    i.task4                                  0x08005768   Section        0  task.o(i.task4)
    i.task5                                  0x08005884   Section        0  task.o(i.task5)
    i.task6                                  0x08005a30   Section        0  task.o(i.task6)
    i.task7                                  0x08005c0c   Section        0  task.o(i.task7)
    i.uart_init                              0x08005d2c   Section        0  usart.o(i.uart_init)
    x$fpl$dfixu                              0x08005dcc   Section       90  dfixu.o(x$fpl$dfixu)
    x$fpl$dfltu                              0x08005e26   Section       38  dflt_clz.o(x$fpl$dfltu)
    x$fpl$dmul                               0x08005e4c   Section      340  dmul.o(x$fpl$dmul)
    x$fpl$dnaninf                            0x08005fa0   Section      156  dnaninf.o(x$fpl$dnaninf)
    x$fpl$dretinf                            0x0800603c   Section       12  dretinf.o(x$fpl$dretinf)
    x$fpl$fadd                               0x08006048   Section      196  faddsub_clz.o(x$fpl$fadd)
    _fadd1                                   0x08006057   Thumb Code     0  faddsub_clz.o(x$fpl$fadd)
    x$fpl$ffix                               0x0800610c   Section       54  ffix.o(x$fpl$ffix)
    x$fpl$fflt                               0x08006144   Section       48  fflt_clz.o(x$fpl$fflt)
    x$fpl$ffltu                              0x08006174   Section       38  fflt_clz.o(x$fpl$ffltu)
    x$fpl$fmul                               0x0800619c   Section      258  fmul.o(x$fpl$fmul)
    x$fpl$fnaninf                            0x0800629e   Section      140  fnaninf.o(x$fpl$fnaninf)
    x$fpl$fretinf                            0x0800632a   Section       10  fretinf.o(x$fpl$fretinf)
    x$fpl$fsub                               0x08006334   Section      234  faddsub_clz.o(x$fpl$fsub)
    _fsub1                                   0x08006343   Thumb Code     0  faddsub_clz.o(x$fpl$fsub)
    .constdata                               0x0800641e   Section     6080  lcd.o(.constdata)
    x$fpl$usenofp                            0x0800641e   Section        0  usenofp.o(x$fpl$usenofp)
    .constdata                               0x08007bde   Section      336  ov7670.o(.constdata)
    .constdata                               0x08007d2e   Section       40  _printf_hex_int.o(.constdata)
    uc_hextab                                0x08007d2e   Data          20  _printf_hex_int.o(.constdata)
    lc_hextab                                0x08007d42   Data          20  _printf_hex_int.o(.constdata)
    .data                                    0x20000000   Section       20  system_stm32f10x.o(.data)
    .data                                    0x20000014   Section        4  lcd.o(.data)
    .data                                    0x20000018   Section        1  exti.o(.data)
    .data                                    0x2000001c   Section        8  timer.o(.data)
    .data                                    0x20000024   Section       26  control.o(.data)
    flag_Y                                   0x20000024   Data           1  control.o(.data)
    flag_X                                   0x20000025   Data           1  control.o(.data)
    PWM_Max                                  0x20000032   Data           2  control.o(.data)
    PWM_Min                                  0x20000034   Data           2  control.o(.data)
    PWM_Max_Y                                0x20000036   Data           2  control.o(.data)
    PWM_Min_Y                                0x20000038   Data           2  control.o(.data)
    .data                                    0x2000003e   Section        8  global.o(.data)
    .data                                    0x20000046   Section        4  global.o(.data)
    .data                                    0x2000004a   Section        2  task.o(.data)
    .data                                    0x2000004c   Section        1  key.o(.data)
    key_up                                   0x2000004c   Data           1  key.o(.data)
    .data                                    0x2000004e   Section        4  delay.o(.data)
    fac_us                                   0x2000004e   Data           1  delay.o(.data)
    fac_ms                                   0x20000050   Data           2  delay.o(.data)
    .data                                    0x20000052   Section        2  usart.o(.data)
    .data                                    0x20000054   Section        4  usart.o(.data)
    .data                                    0x20000058   Section       20  stm32f10x_rcc.o(.data)
    ADCPrescTable                            0x20000058   Data           4  stm32f10x_rcc.o(.data)
    APBAHBPrescTable                         0x2000005c   Data          16  stm32f10x_rcc.o(.data)
    .data                                    0x2000006c   Section        5  gai.o(.data)
    .data                                    0x20000074   Section       72  gai.o(.data)
    .data                                    0x200000bc   Section        4  gai.o(.data)
    .bss                                     0x200000c0   Section       14  lcd.o(.bss)
    .bss                                     0x200000d0   Section       48  control.o(.bss)
    .bss                                     0x20000100   Section       36  task.o(.bss)
    .bss                                     0x20000124   Section      200  usart.o(.bss)
    .bss                                     0x200001ec   Section       96  libspace.o(.bss)
    HEAP                                     0x20000250   Section        0  startup_stm32f10x_hd.o(HEAP)
    STACK                                    0x20000250   Section     1024  startup_stm32f10x_hd.o(STACK)
    Heap_Mem                                 0x20000250   Data           0  startup_stm32f10x_hd.o(HEAP)
    Stack_Mem                                0x20000250   Data        1024  startup_stm32f10x_hd.o(STACK)
    __initial_sp                             0x20000650   Data           0  startup_stm32f10x_hd.o(STACK)

    Global Symbols

    Symbol Name                              Value     Ov Type        Size  Object(Section)

    BuildAttributes$$THM_ISAv4$P$D$K$B$S$PE$A:L22UL41UL21$X:L11$S22US41US21$IEEE1$IW$USESV6$~STKCKD$USESV7$~SHL$OSPACE$ROPI$EBA8$UX$STANDARDLIB$REQ8$PRES8$EABIv2 0x00000000   Number         0  anon$$obj.o ABSOLUTE
    __ARM_use_no_argv                        0x00000000   Number         0  main.o ABSOLUTE
    __ARM_exceptions_init                     - Undefined Weak Reference
    __alloca_initialize                       - Undefined Weak Reference
    __arm_preinit_                            - Undefined Weak Reference
    __cpp_initialize__aeabi_                  - Undefined Weak Reference
    __cxa_finalize                            - Undefined Weak Reference
    __rt_locale                               - Undefined Weak Reference
    __sigvec_lookup                           - Undefined Weak Reference
    _atexit_init                              - Undefined Weak Reference
    _call_atexit_fns                          - Undefined Weak Reference
    _clock_init                               - Undefined Weak Reference
    _fp_trap_init                             - Undefined Weak Reference
    _fp_trap_shutdown                         - Undefined Weak Reference
    _get_lc_collate                           - Undefined Weak Reference
    _get_lc_ctype                             - Undefined Weak Reference
    _get_lc_monetary                          - Undefined Weak Reference
    _get_lc_numeric                           - Undefined Weak Reference
    _get_lc_time                              - Undefined Weak Reference
    _getenv_init                              - Undefined Weak Reference
    _handle_redirection                       - Undefined Weak Reference
    _init_alloc                               - Undefined Weak Reference
    _init_user_alloc                          - Undefined Weak Reference
    _initio                                   - Undefined Weak Reference
    _mutex_acquire                            - Undefined Weak Reference
    _mutex_release                            - Undefined Weak Reference
    _printf_post_padding                      - Undefined Weak Reference
    _printf_pre_padding                       - Undefined Weak Reference
    _printf_truncate_unsigned                 - Undefined Weak Reference
    _rand_init                                - Undefined Weak Reference
    _signal_finish                            - Undefined Weak Reference
    _signal_init                              - Undefined Weak Reference
    _terminate_alloc                          - Undefined Weak Reference
    _terminate_user_alloc                     - Undefined Weak Reference
    _terminateio                              - Undefined Weak Reference
    __Vectors_Size                           0x00000130   Number         0  startup_stm32f10x_hd.o ABSOLUTE
    __Vectors                                0x08000000   Data           4  startup_stm32f10x_hd.o(RESET)
    __Vectors_End                            0x08000130   Data           0  startup_stm32f10x_hd.o(RESET)
    __main                                   0x08000131   Thumb Code     8  __main.o(!!!main)
    __scatterload                            0x08000139   Thumb Code     0  __scatter.o(!!!scatter)
    __scatterload_rt2                        0x08000139   Thumb Code    44  __scatter.o(!!!scatter)
    __scatterload_rt2_thumb_only             0x08000139   Thumb Code     0  __scatter.o(!!!scatter)
    __scatterload_null                       0x08000147   Thumb Code     0  __scatter.o(!!!scatter)
    __scatterload_copy                       0x0800016d   Thumb Code    26  __scatter_copy.o(!!handler_copy)
    __scatterload_zeroinit                   0x08000189   Thumb Code    28  __scatter_zi.o(!!handler_zi)
    _printf_percent                          0x080001a5   Thumb Code     0  _printf_percent.o(.ARM.Collect$$_printf_percent$$00000000)
    _printf_x                                0x080001a5   Thumb Code     0  _printf_x.o(.ARM.Collect$$_printf_percent$$0000000C)
    _printf_percent_end                      0x080001ab   Thumb Code     0  _printf_percent_end.o(.ARM.Collect$$_printf_percent$$00000017)
    __rt_lib_init                            0x080001af   Thumb Code     0  libinit.o(.ARM.Collect$$libinit$$00000000)
    __rt_lib_init_alloca_1                   0x080001b1   Thumb Code     0  libinit2.o(.ARM.Collect$$libinit$$0000002E)
    __rt_lib_init_argv_1                     0x080001b1   Thumb Code     0  libinit2.o(.ARM.Collect$$libinit$$0000002C)
    __rt_lib_init_atexit_1                   0x080001b1   Thumb Code     0  libinit2.o(.ARM.Collect$$libinit$$0000001B)
    __rt_lib_init_clock_1                    0x080001b1   Thumb Code     0  libinit2.o(.ARM.Collect$$libinit$$00000021)
    __rt_lib_init_cpp_1                      0x080001b1   Thumb Code     0  libinit2.o(.ARM.Collect$$libinit$$00000032)
    __rt_lib_init_exceptions_1               0x080001b1   Thumb Code     0  libinit2.o(.ARM.Collect$$libinit$$00000030)
    __rt_lib_init_fp_1                       0x080001b1   Thumb Code     0  libinit2.o(.ARM.Collect$$libinit$$00000002)
    __rt_lib_init_fp_trap_1                  0x080001b1   Thumb Code     0  libinit2.o(.ARM.Collect$$libinit$$0000001F)
    __rt_lib_init_getenv_1                   0x080001b1   Thumb Code     0  libinit2.o(.ARM.Collect$$libinit$$00000023)
    __rt_lib_init_heap_1                     0x080001b1   Thumb Code     0  libinit2.o(.ARM.Collect$$libinit$$0000000A)
    __rt_lib_init_lc_collate_1               0x080001b1   Thumb Code     0  libinit2.o(.ARM.Collect$$libinit$$00000011)
    __rt_lib_init_lc_ctype_1                 0x080001b1   Thumb Code     0  libinit2.o(.ARM.Collect$$libinit$$00000013)
    __rt_lib_init_lc_monetary_1              0x080001b1   Thumb Code     0  libinit2.o(.ARM.Collect$$libinit$$00000015)
    __rt_lib_init_lc_numeric_1               0x080001b1   Thumb Code     0  libinit2.o(.ARM.Collect$$libinit$$00000017)
    __rt_lib_init_lc_time_1                  0x080001b1   Thumb Code     0  libinit2.o(.ARM.Collect$$libinit$$00000019)
    __rt_lib_init_preinit_1                  0x080001b1   Thumb Code     0  libinit2.o(.ARM.Collect$$libinit$$00000004)
    __rt_lib_init_rand_1                     0x080001b1   Thumb Code     0  libinit2.o(.ARM.Collect$$libinit$$0000000E)
    __rt_lib_init_return                     0x080001b1   Thumb Code     0  libinit2.o(.ARM.Collect$$libinit$$00000033)
    __rt_lib_init_signal_1                   0x080001b1   Thumb Code     0  libinit2.o(.ARM.Collect$$libinit$$0000001D)
    __rt_lib_init_stdio_1                    0x080001b1   Thumb Code     0  libinit2.o(.ARM.Collect$$libinit$$00000025)
    __rt_lib_init_user_alloc_1               0x080001b1   Thumb Code     0  libinit2.o(.ARM.Collect$$libinit$$0000000C)
    __rt_lib_shutdown                        0x080001b3   Thumb Code     0  libshutdown.o(.ARM.Collect$$libshutdown$$00000000)
    __rt_lib_shutdown_fp_trap_1              0x080001b5   Thumb Code     0  libshutdown2.o(.ARM.Collect$$libshutdown$$00000006)
    __rt_lib_shutdown_heap_1                 0x080001b5   Thumb Code     0  libshutdown2.o(.ARM.Collect$$libshutdown$$0000000E)
    __rt_lib_shutdown_return                 0x080001b5   Thumb Code     0  libshutdown2.o(.ARM.Collect$$libshutdown$$0000000F)
    __rt_lib_shutdown_signal_1               0x080001b5   Thumb Code     0  libshutdown2.o(.ARM.Collect$$libshutdown$$00000009)
    __rt_lib_shutdown_stdio_1                0x080001b5   Thumb Code     0  libshutdown2.o(.ARM.Collect$$libshutdown$$00000003)
    __rt_lib_shutdown_user_alloc_1           0x080001b5   Thumb Code     0  libshutdown2.o(.ARM.Collect$$libshutdown$$0000000B)
    __rt_entry                               0x080001b7   Thumb Code     0  __rtentry.o(.ARM.Collect$$rtentry$$00000000)
    __rt_entry_presh_1                       0x080001b7   Thumb Code     0  __rtentry2.o(.ARM.Collect$$rtentry$$00000002)
    __rt_entry_sh                            0x080001b7   Thumb Code     0  __rtentry4.o(.ARM.Collect$$rtentry$$00000004)
    __rt_entry_li                            0x080001bd   Thumb Code     0  __rtentry2.o(.ARM.Collect$$rtentry$$0000000A)
    __rt_entry_postsh_1                      0x080001bd   Thumb Code     0  __rtentry2.o(.ARM.Collect$$rtentry$$00000009)
    __rt_entry_main                          0x080001c1   Thumb Code     0  __rtentry2.o(.ARM.Collect$$rtentry$$0000000D)
    __rt_entry_postli_1                      0x080001c1   Thumb Code     0  __rtentry2.o(.ARM.Collect$$rtentry$$0000000C)
    __rt_exit                                0x080001c9   Thumb Code     0  rtexit.o(.ARM.Collect$$rtexit$$00000000)
    __rt_exit_ls                             0x080001cb   Thumb Code     0  rtexit2.o(.ARM.Collect$$rtexit$$00000003)
    __rt_exit_prels_1                        0x080001cb   Thumb Code     0  rtexit2.o(.ARM.Collect$$rtexit$$00000002)
    __rt_exit_exit                           0x080001cf   Thumb Code     0  rtexit2.o(.ARM.Collect$$rtexit$$00000004)
    Reset_Handler                            0x080001d5   Thumb Code     8  startup_stm32f10x_hd.o(.text)
    ADC1_2_IRQHandler                        0x080001ef   Thumb Code     0  startup_stm32f10x_hd.o(.text)
    ADC3_IRQHandler                          0x080001ef   Thumb Code     0  startup_stm32f10x_hd.o(.text)
    CAN1_RX1_IRQHandler                      0x080001ef   Thumb Code     0  startup_stm32f10x_hd.o(.text)
    CAN1_SCE_IRQHandler                      0x080001ef   Thumb Code     0  startup_stm32f10x_hd.o(.text)
    DMA1_Channel1_IRQHandler                 0x080001ef   Thumb Code     0  startup_stm32f10x_hd.o(.text)
    DMA1_Channel2_IRQHandler                 0x080001ef   Thumb Code     0  startup_stm32f10x_hd.o(.text)
    DMA1_Channel3_IRQHandler                 0x080001ef   Thumb Code     0  startup_stm32f10x_hd.o(.text)
    DMA1_Channel4_IRQHandler                 0x080001ef   Thumb Code     0  startup_stm32f10x_hd.o(.text)
    DMA1_Channel5_IRQHandler                 0x080001ef   Thumb Code     0  startup_stm32f10x_hd.o(.text)
    DMA1_Channel6_IRQHandler                 0x080001ef   Thumb Code     0  startup_stm32f10x_hd.o(.text)
    DMA1_Channel7_IRQHandler                 0x080001ef   Thumb Code     0  startup_stm32f10x_hd.o(.text)
    DMA2_Channel1_IRQHandler                 0x080001ef   Thumb Code     0  startup_stm32f10x_hd.o(.text)
    DMA2_Channel2_IRQHandler                 0x080001ef   Thumb Code     0  startup_stm32f10x_hd.o(.text)
    DMA2_Channel3_IRQHandler                 0x080001ef   Thumb Code     0  startup_stm32f10x_hd.o(.text)
    DMA2_Channel4_5_IRQHandler               0x080001ef   Thumb Code     0  startup_stm32f10x_hd.o(.text)
    EXTI0_IRQHandler                         0x080001ef   Thumb Code     0  startup_stm32f10x_hd.o(.text)
    EXTI15_10_IRQHandler                     0x080001ef   Thumb Code     0  startup_stm32f10x_hd.o(.text)
    EXTI1_IRQHandler                         0x080001ef   Thumb Code     0  startup_stm32f10x_hd.o(.text)
    EXTI2_IRQHandler                         0x080001ef   Thumb Code     0  startup_stm32f10x_hd.o(.text)
    EXTI3_IRQHandler                         0x080001ef   Thumb Code     0  startup_stm32f10x_hd.o(.text)
    EXTI4_IRQHandler                         0x080001ef   Thumb Code     0  startup_stm32f10x_hd.o(.text)
    FLASH_IRQHandler                         0x080001ef   Thumb Code     0  startup_stm32f10x_hd.o(.text)
    FSMC_IRQHandler                          0x080001ef   Thumb Code     0  startup_stm32f10x_hd.o(.text)
    I2C1_ER_IRQHandler                       0x080001ef   Thumb Code     0  startup_stm32f10x_hd.o(.text)
    I2C1_EV_IRQHandler                       0x080001ef   Thumb Code     0  startup_stm32f10x_hd.o(.text)
    I2C2_ER_IRQHandler                       0x080001ef   Thumb Code     0  startup_stm32f10x_hd.o(.text)
    I2C2_EV_IRQHandler                       0x080001ef   Thumb Code     0  startup_stm32f10x_hd.o(.text)
    PVD_IRQHandler                           0x080001ef   Thumb Code     0  startup_stm32f10x_hd.o(.text)
    RCC_IRQHandler                           0x080001ef   Thumb Code     0  startup_stm32f10x_hd.o(.text)
    RTCAlarm_IRQHandler                      0x080001ef   Thumb Code     0  startup_stm32f10x_hd.o(.text)
    RTC_IRQHandler                           0x080001ef   Thumb Code     0  startup_stm32f10x_hd.o(.text)
    SDIO_IRQHandler                          0x080001ef   Thumb Code     0  startup_stm32f10x_hd.o(.text)
    SPI1_IRQHandler                          0x080001ef   Thumb Code     0  startup_stm32f10x_hd.o(.text)
    SPI2_IRQHandler                          0x080001ef   Thumb Code     0  startup_stm32f10x_hd.o(.text)
    SPI3_IRQHandler                          0x080001ef   Thumb Code     0  startup_stm32f10x_hd.o(.text)
    TAMPER_IRQHandler                        0x080001ef   Thumb Code     0  startup_stm32f10x_hd.o(.text)
    TIM1_BRK_IRQHandler                      0x080001ef   Thumb Code     0  startup_stm32f10x_hd.o(.text)
    TIM1_CC_IRQHandler                       0x080001ef   Thumb Code     0  startup_stm32f10x_hd.o(.text)
    TIM1_TRG_COM_IRQHandler                  0x080001ef   Thumb Code     0  startup_stm32f10x_hd.o(.text)
    TIM1_UP_IRQHandler                       0x080001ef   Thumb Code     0  startup_stm32f10x_hd.o(.text)
    TIM2_IRQHandler                          0x080001ef   Thumb Code     0  startup_stm32f10x_hd.o(.text)
    TIM3_IRQHandler                          0x080001ef   Thumb Code     0  startup_stm32f10x_hd.o(.text)
    TIM4_IRQHandler                          0x080001ef   Thumb Code     0  startup_stm32f10x_hd.o(.text)
    TIM5_IRQHandler                          0x080001ef   Thumb Code     0  startup_stm32f10x_hd.o(.text)
    TIM7_IRQHandler                          0x080001ef   Thumb Code     0  startup_stm32f10x_hd.o(.text)
    TIM8_BRK_IRQHandler                      0x080001ef   Thumb Code     0  startup_stm32f10x_hd.o(.text)
    TIM8_CC_IRQHandler                       0x080001ef   Thumb Code     0  startup_stm32f10x_hd.o(.text)
    TIM8_TRG_COM_IRQHandler                  0x080001ef   Thumb Code     0  startup_stm32f10x_hd.o(.text)
    TIM8_UP_IRQHandler                       0x080001ef   Thumb Code     0  startup_stm32f10x_hd.o(.text)
    UART4_IRQHandler                         0x080001ef   Thumb Code     0  startup_stm32f10x_hd.o(.text)
    UART5_IRQHandler                         0x080001ef   Thumb Code     0  startup_stm32f10x_hd.o(.text)
    USART2_IRQHandler                        0x080001ef   Thumb Code     0  startup_stm32f10x_hd.o(.text)
    USART3_IRQHandler                        0x080001ef   Thumb Code     0  startup_stm32f10x_hd.o(.text)
    USBWakeUp_IRQHandler                     0x080001ef   Thumb Code     0  startup_stm32f10x_hd.o(.text)
    USB_HP_CAN1_TX_IRQHandler                0x080001ef   Thumb Code     0  startup_stm32f10x_hd.o(.text)
    USB_LP_CAN1_RX0_IRQHandler               0x080001ef   Thumb Code     0  startup_stm32f10x_hd.o(.text)
    WWDG_IRQHandler                          0x080001ef   Thumb Code     0  startup_stm32f10x_hd.o(.text)
    __user_initial_stackheap                 0x080001f1   Thumb Code     0  startup_stm32f10x_hd.o(.text)
    __use_no_semihosting                     0x08000211   Thumb Code     2  use_no_semi_2.o(.text)
    __2printf                                0x08000215   Thumb Code    20  noretval__2printf.o(.text)
    __printf                                 0x0800022d   Thumb Code   104  __printf.o(.text)
    _printf_int_hex                          0x08000295   Thumb Code    84  _printf_hex_int.o(.text)
    _printf_longlong_hex                     0x08000295   Thumb Code     0  _printf_hex_int.o(.text)
    __use_two_region_memory                  0x080002ed   Thumb Code     2  heapauxi.o(.text)
    __rt_heap_escrow$2region                 0x080002ef   Thumb Code     2  heapauxi.o(.text)
    __rt_heap_expand$2region                 0x080002f1   Thumb Code     2  heapauxi.o(.text)
    __I$use$semihosting                      0x080002f3   Thumb Code     0  use_no_semi.o(.text)
    __use_no_semihosting_swi                 0x080002f3   Thumb Code     2  use_no_semi.o(.text)
    _printf_int_common                       0x080002f5   Thumb Code   178  _printf_intcommon.o(.text)
    _printf_char_file                        0x080003a9   Thumb Code    32  _printf_char_file.o(.text)
    _printf_char_common                      0x080003d7   Thumb Code    32  _printf_char_common.o(.text)
    ferror                                   0x080003fd   Thumb Code     8  ferror.o(.text)
    __user_setup_stackheap                   0x08000405   Thumb Code    74  sys_stackheap_outer.o(.text)
    exit                                     0x0800044f   Thumb Code    12  exit.o(.text)
    __user_libspace                          0x0800045d   Thumb Code     8  libspace.o(.text)
    __user_perproc_libspace                  0x0800045d   Thumb Code     0  libspace.o(.text)
    __user_perthread_libspace                0x0800045d   Thumb Code     0  libspace.o(.text)
    BusFault_Handler                         0x08000465   Thumb Code     2  stm32f10x_it.o(i.BusFault_Handler)
    DebugMon_Handler                         0x08000467   Thumb Code     2  stm32f10x_it.o(i.DebugMon_Handler)
    EXTI8_Init                               0x08000469   Thumb Code    66  exti.o(i.EXTI8_Init)
    EXTI9_5_IRQHandler                       0x080004ad   Thumb Code    54  exti.o(i.EXTI9_5_IRQHandler)
    EXTI_ClearITPendingBit                   0x080004f1   Thumb Code     6  stm32f10x_exti.o(i.EXTI_ClearITPendingBit)
    EXTI_GetITStatus                         0x080004fd   Thumb Code    28  stm32f10x_exti.o(i.EXTI_GetITStatus)
    EXTI_Init                                0x0800051d   Thumb Code   108  stm32f10x_exti.o(i.EXTI_Init)
    FSMC_NORSRAMCmd                          0x0800058d   Thumb Code    26  stm32f10x_fsmc.o(i.FSMC_NORSRAMCmd)
    FSMC_NORSRAMInit                         0x080005ad   Thumb Code   200  stm32f10x_fsmc.o(i.FSMC_NORSRAMInit)
    GPIO_EXTILineConfig                      0x08000675   Thumb Code    34  stm32f10x_gpio.o(i.GPIO_EXTILineConfig)
    GPIO_Init                                0x0800069d   Thumb Code   156  stm32f10x_gpio.o(i.GPIO_Init)
    GPIO_PinRemapConfig                      0x08000739   Thumb Code    82  stm32f10x_gpio.o(i.GPIO_PinRemapConfig)
    GPIO_ReadInputDataBit                    0x08000791   Thumb Code    14  stm32f10x_gpio.o(i.GPIO_ReadInputDataBit)
    GPIO_SetBits                             0x0800079f   Thumb Code     4  stm32f10x_gpio.o(i.GPIO_SetBits)
    HardFault_Handler                        0x080007a3   Thumb Code     2  stm32f10x_it.o(i.HardFault_Handler)
    KEY_Init                                 0x080007a5   Thumb Code    52  key.o(i.KEY_Init)
    KEY_Scan                                 0x080007e1   Thumb Code   154  key.o(i.KEY_Scan)
    LCD_Clear                                0x08000889   Thumb Code   100  lcd.o(i.LCD_Clear)
    LCD_Display_Dir                          0x080008f5   Thumb Code   304  lcd.o(i.LCD_Display_Dir)
    LCD_Fast_DrawPoint                       0x08000a29   Thumb Code   276  lcd.o(i.LCD_Fast_DrawPoint)
    LCD_Init                                 0x08000b45   Thumb Code 11792  lcd.o(i.LCD_Init)
    LCD_Pow                                  0x08003959   Thumb Code    16  lcd.o(i.LCD_Pow)
    LCD_RD_DATA                              0x08003969   Thumb Code    16  lcd.o(i.LCD_RD_DATA)
    LCD_ReadReg                              0x0800397d   Thumb Code    20  lcd.o(i.LCD_ReadReg)
    LCD_SSD_BackLightSet                     0x08003995   Thumb Code    50  lcd.o(i.LCD_SSD_BackLightSet)
    LCD_Scan_Dir                             0x080039d1   Thumb Code   414  lcd.o(i.LCD_Scan_Dir)
    LCD_SetCursor                            0x08003b79   Thumb Code   320  lcd.o(i.LCD_SetCursor)
    LCD_ShowChar                             0x08003cc1   Thumb Code   182  lcd.o(i.LCD_ShowChar)
    LCD_ShowNum                              0x08003d8d   Thumb Code   118  lcd.o(i.LCD_ShowNum)
    LCD_ShowString                           0x08003e03   Thumb Code    84  lcd.o(i.LCD_ShowString)
    LCD_WriteRAM_Prepare                     0x08003e59   Thumb Code    10  lcd.o(i.LCD_WriteRAM_Prepare)
    LCD_WriteReg                             0x08003e6d   Thumb Code    10  lcd.o(i.LCD_WriteReg)
    LED_Init                                 0x08003e7d   Thumb Code    70  led.o(i.LED_Init)
    MemManage_Handler                        0x08003ecd   Thumb Code     2  stm32f10x_it.o(i.MemManage_Handler)
    NMI_Handler                              0x08003ecf   Thumb Code     2  stm32f10x_it.o(i.NMI_Handler)
    NVIC_Init                                0x08003ed1   Thumb Code    94  misc.o(i.NVIC_Init)
    NVIC_PriorityGroupConfig                 0x08003f35   Thumb Code    10  misc.o(i.NVIC_PriorityGroupConfig)
    OV7670_Color_Saturation                  0x08003f49   Thumb Code   114  ov7670.o(i.OV7670_Color_Saturation)
    OV7670_Contrast                          0x08003fbb   Thumb Code    38  ov7670.o(i.OV7670_Contrast)
    OV7670_Init                              0x08003fe1   Thumb Code   242  ov7670.o(i.OV7670_Init)
    OV7670_Light_Mode                        0x080040f1   Thumb Code    82  ov7670.o(i.OV7670_Light_Mode)
    OV7670_Special_Effects                   0x08004143   Thumb Code    84  ov7670.o(i.OV7670_Special_Effects)
    OV7670_Window_Set                        0x08004197   Thumb Code   110  ov7670.o(i.OV7670_Window_Set)
    PID                                      0x08004205   Thumb Code   330  control.o(i.PID)
    PendSV_Handler                           0x08004371   Thumb Code     2  stm32f10x_it.o(i.PendSV_Handler)
    RCC_AHBPeriphClockCmd                    0x08004375   Thumb Code    18  stm32f10x_rcc.o(i.RCC_AHBPeriphClockCmd)
    RCC_APB1PeriphClockCmd                   0x0800438d   Thumb Code    18  stm32f10x_rcc.o(i.RCC_APB1PeriphClockCmd)
    RCC_APB2PeriphClockCmd                   0x080043a5   Thumb Code    18  stm32f10x_rcc.o(i.RCC_APB2PeriphClockCmd)
    RCC_GetClocksFreq                        0x080043bd   Thumb Code   132  stm32f10x_rcc.o(i.RCC_GetClocksFreq)
    SCCB_Init                                0x08004451   Thumb Code    98  sccb.o(i.SCCB_Init)
    SCCB_No_Ack                              0x080044bd   Thumb Code    58  sccb.o(i.SCCB_No_Ack)
    SCCB_RD_Byte                             0x08004501   Thumb Code   102  sccb.o(i.SCCB_RD_Byte)
    SCCB_RD_Reg                              0x08004575   Thumb Code    76  sccb.o(i.SCCB_RD_Reg)
    SCCB_Start                               0x080045c1   Thumb Code    44  sccb.o(i.SCCB_Start)
    SCCB_Stop                                0x080045f5   Thumb Code    46  sccb.o(i.SCCB_Stop)
    SCCB_WR_Byte                             0x0800462d   Thumb Code   130  sccb.o(i.SCCB_WR_Byte)
    SCCB_WR_Reg                              0x080046bd   Thumb Code    62  sccb.o(i.SCCB_WR_Reg)
    SVC_Handler                              0x080046fb   Thumb Code     2  stm32f10x_it.o(i.SVC_Handler)
    Set_PWM                                  0x080047a5   Thumb Code    80  control.o(i.Set_PWM)
    Set_PWM_X                                0x08004801   Thumb Code     8  timer.o(i.Set_PWM_X)
    Set_PWM_Y                                0x0800480d   Thumb Code     8  timer.o(i.Set_PWM_Y)
    SysTick_CLKSourceConfig                  0x08004819   Thumb Code    24  misc.o(i.SysTick_CLKSourceConfig)
    SysTick_Handler                          0x08004831   Thumb Code     2  stm32f10x_it.o(i.SysTick_Handler)
    SystemInit                               0x08004835   Thumb Code    64  system_stm32f10x.o(i.SystemInit)
    TIM3_PWM_Init                            0x08004885   Thumb Code   162  timer.o(i.TIM3_PWM_Init)
    TIM6_IRQHandler                          0x08004931   Thumb Code   152  timer.o(i.TIM6_IRQHandler)
    TIM6_Int_Init                            0x080049d9   Thumb Code    90  timer.o(i.TIM6_Int_Init)
    TIM_ARRPreloadConfig                     0x08004a39   Thumb Code    20  stm32f10x_tim.o(i.TIM_ARRPreloadConfig)
    TIM_ClearITPendingBit                    0x08004a4d   Thumb Code     6  stm32f10x_tim.o(i.TIM_ClearITPendingBit)
    TIM_Cmd                                  0x08004a53   Thumb Code    20  stm32f10x_tim.o(i.TIM_Cmd)
    TIM_CtrlPWMOutputs                       0x08004a67   Thumb Code    22  stm32f10x_tim.o(i.TIM_CtrlPWMOutputs)
    TIM_GetITStatus                          0x08004a7d   Thumb Code    24  stm32f10x_tim.o(i.TIM_GetITStatus)
    TIM_ITConfig                             0x08004a95   Thumb Code    16  stm32f10x_tim.o(i.TIM_ITConfig)
    TIM_OC1Init                              0x08004aa5   Thumb Code   106  stm32f10x_tim.o(i.TIM_OC1Init)
    TIM_OC1PreloadConfig                     0x08004b25   Thumb Code    12  stm32f10x_tim.o(i.TIM_OC1PreloadConfig)
    TIM_OC2Init                              0x08004b31   Thumb Code   120  stm32f10x_tim.o(i.TIM_OC2Init)
    TIM_OC2PreloadConfig                     0x08004bb1   Thumb Code    20  stm32f10x_tim.o(i.TIM_OC2PreloadConfig)
    TIM_SetCompare1                          0x08004bc5   Thumb Code     4  stm32f10x_tim.o(i.TIM_SetCompare1)
    TIM_SetCompare2                          0x08004bc9   Thumb Code     4  stm32f10x_tim.o(i.TIM_SetCompare2)
    TIM_TimeBaseInit                         0x08004bcd   Thumb Code   114  stm32f10x_tim.o(i.TIM_TimeBaseInit)
    USART1_IRQHandler                        0x08004c69   Thumb Code    88  usart.o(i.USART1_IRQHandler)
    USART_Cmd                                0x08004ccd   Thumb Code    20  stm32f10x_usart.o(i.USART_Cmd)
    USART_GetITStatus                        0x08004ce1   Thumb Code    62  stm32f10x_usart.o(i.USART_GetITStatus)
    USART_ITConfig                           0x08004d1f   Thumb Code    48  stm32f10x_usart.o(i.USART_ITConfig)
    USART_Init                               0x08004d51   Thumb Code   166  stm32f10x_usart.o(i.USART_Init)
    USART_ReceiveData                        0x08004dfd   Thumb Code     8  stm32f10x_usart.o(i.USART_ReceiveData)
    UsageFault_Handler                       0x08004e05   Thumb Code     2  stm32f10x_it.o(i.UsageFault_Handler)
    _sys_exit                                0x08004e07   Thumb Code     2  usart.o(i._sys_exit)
    camera_refresh                           0x08004e09   Thumb Code   294  control.o(i.camera_refresh)
    delay_init                               0x08004f4d   Thumb Code    46  delay.o(i.delay_init)
    delay_ms                                 0x08004f89   Thumb Code    46  delay.o(i.delay_ms)
    delay_us                                 0x08004fbd   Thumb Code    46  delay.o(i.delay_us)
    fputc                                    0x08004ff1   Thumb Code    18  usart.o(i.fputc)
    main                                     0x08005009   Thumb Code  1216  main.o(i.main)
    select_choice                            0x080054cd   Thumb Code    94  gai.o(i.select_choice)
    task1                                    0x08005535   Thumb Code   138  task.o(i.task1)
    task2                                    0x080055d9   Thumb Code   100  task.o(i.task2)
    task3                                    0x0800564d   Thumb Code   244  task.o(i.task3)
    task4                                    0x08005769   Thumb Code   244  task.o(i.task4)
    task5                                    0x08005885   Thumb Code   388  task.o(i.task5)
    task6                                    0x08005a31   Thumb Code   434  task.o(i.task6)
    task7                                    0x08005c0d   Thumb Code   246  task.o(i.task7)
    uart_init                                0x08005d2d   Thumb Code   152  usart.o(i.uart_init)
    __aeabi_d2uiz                            0x08005dcd   Thumb Code     0  dfixu.o(x$fpl$dfixu)
    _dfixu                                   0x08005dcd   Thumb Code    90  dfixu.o(x$fpl$dfixu)
    __aeabi_ui2d                             0x08005e27   Thumb Code     0  dflt_clz.o(x$fpl$dfltu)
    _dfltu                                   0x08005e27   Thumb Code    38  dflt_clz.o(x$fpl$dfltu)
    __aeabi_dmul                             0x08005e4d   Thumb Code     0  dmul.o(x$fpl$dmul)
    _dmul                                    0x08005e4d   Thumb Code   332  dmul.o(x$fpl$dmul)
    __fpl_dnaninf                            0x08005fa1   Thumb Code   156  dnaninf.o(x$fpl$dnaninf)
    __fpl_dretinf                            0x0800603d   Thumb Code    12  dretinf.o(x$fpl$dretinf)
    __aeabi_fadd                             0x08006049   Thumb Code     0  faddsub_clz.o(x$fpl$fadd)
    _fadd                                    0x08006049   Thumb Code   196  faddsub_clz.o(x$fpl$fadd)
    __aeabi_f2iz                             0x0800610d   Thumb Code     0  ffix.o(x$fpl$ffix)
    _ffix                                    0x0800610d   Thumb Code    54  ffix.o(x$fpl$ffix)
    __aeabi_i2f                              0x08006145   Thumb Code     0  fflt_clz.o(x$fpl$fflt)
    _fflt                                    0x08006145   Thumb Code    48  fflt_clz.o(x$fpl$fflt)
    __aeabi_ui2f                             0x08006175   Thumb Code     0  fflt_clz.o(x$fpl$ffltu)
    _ffltu                                   0x08006175   Thumb Code    38  fflt_clz.o(x$fpl$ffltu)
    __aeabi_fmul                             0x0800619d   Thumb Code     0  fmul.o(x$fpl$fmul)
    _fmul                                    0x0800619d   Thumb Code   258  fmul.o(x$fpl$fmul)
    __fpl_fnaninf                            0x0800629f   Thumb Code   140  fnaninf.o(x$fpl$fnaninf)
    __fpl_fretinf                            0x0800632b   Thumb Code    10  fretinf.o(x$fpl$fretinf)
    __aeabi_fsub                             0x08006335   Thumb Code     0  faddsub_clz.o(x$fpl$fsub)
    _fsub                                    0x08006335   Thumb Code   234  faddsub_clz.o(x$fpl$fsub)
    __I$use$fp                               0x0800641e   Number         0  usenofp.o(x$fpl$usenofp)
    asc2_1206                                0x0800641e   Data        1140  lcd.o(.constdata)
    asc2_1608                                0x08006892   Data        1520  lcd.o(.constdata)
    asc2_2412                                0x08006e82   Data        3420  lcd.o(.constdata)
    ov7670_init_reg_tbl                      0x08007bde   Data         336  ov7670.o(.constdata)
    Region$$Table$$Base                      0x08007d58   Number         0  anon$$obj.o(Region$$Table)
    Region$$Table$$Limit                     0x08007d78   Number         0  anon$$obj.o(Region$$Table)
    SystemCoreClock                          0x20000000   Data           4  system_stm32f10x.o(.data)
    AHBPrescTable                            0x20000004   Data          16  system_stm32f10x.o(.data)
    POINT_COLOR                              0x20000014   Data           2  lcd.o(.data)
    BACK_COLOR                               0x20000016   Data           2  lcd.o(.data)
    ov_sta                                   0x20000018   Data           1  exti.o(.data)
    ov_frame                                 0x2000001c   Data           1  timer.o(.data)
    times                                    0x20000020   Data           4  timer.o(.data)
    X_MAX                                    0x20000026   Data           2  control.o(.data)
    X_MIN                                    0x20000028   Data           2  control.o(.data)
    X_NOW                                    0x2000002a   Data           2  control.o(.data)
    Y_MAX                                    0x2000002c   Data           2  control.o(.data)
    Y_MIN                                    0x2000002e   Data           2  control.o(.data)
    Y_NOW                                    0x20000030   Data           2  control.o(.data)
    Motor_X_PWM                              0x2000003a   Data           2  control.o(.data)
    Motor_Y_PWM                              0x2000003c   Data           2  control.o(.data)
    SV                                       0x2000003e   Data           8  global.o(.data)
    PwmOutPut                                0x20000046   Data           4  global.o(.data)
    taskFlag                                 0x2000004a   Data           1  task.o(.data)
    taskEnd                                  0x2000004b   Data           1  task.o(.data)
    USART_RX_STA                             0x20000052   Data           2  usart.o(.data)
    __stdout                                 0x20000054   Data           4  usart.o(.data)
    key_flag                                 0x2000006c   Data           5  gai.o(.data)
    aim_ball_x_y                             0x20000074   Data          72  gai.o(.data)
    task5_area                               0x200000bc   Data           4  gai.o(.data)
    lcddev                                   0x200000c0   Data          14  lcd.o(.bss)
    X                                        0x200000d0   Data          24  control.o(.bss)
    Y                                        0x200000e8   Data          24  control.o(.bss)
    tflag                                    0x20000100   Data          36  task.o(.bss)
    USART_RX_BUF                             0x20000124   Data         200  usart.o(.bss)
    __libspace_start                         0x200001ec   Data          96  libspace.o(.bss)
    __temporary_stack_top$libspace           0x2000024c   Data           0  libspace.o(.bss)



==============================================================================

Memory Map of the image

  Image Entry point : 0x08000131

  Load Region LR_IROM1 (Base: 0x08000000, Size: 0x00007e38, Max: 0x00080000, ABSOLUTE)

    Execution Region ER_IROM1 (Base: 0x08000000, Size: 0x00007d78, Max: 0x00080000, ABSOLUTE)

    Base Addr    Size         Type   Attr      Idx    E Section Name        Object

    0x08000000   0x00000130   Data   RO          856    RESET               startup_stm32f10x_hd.o
    0x08000130   0x00000008   Code   RO         2173  * !!!main             c_w.l(__main.o)
    0x08000138   0x00000034   Code   RO         2379    !!!scatter          c_w.l(__scatter.o)
    0x0800016c   0x0000001a   Code   RO         2381    !!handler_copy      c_w.l(__scatter_copy.o)
    0x08000186   0x00000002   PAD
    0x08000188   0x0000001c   Code   RO         2383    !!handler_zi        c_w.l(__scatter_zi.o)
    0x080001a4   0x00000000   Code   RO         2170    .ARM.Collect$$_printf_percent$$00000000  c_w.l(_printf_percent.o)
    0x080001a4   0x00000006   Code   RO         2169    .ARM.Collect$$_printf_percent$$0000000C  c_w.l(_printf_x.o)
    0x080001aa   0x00000004   Code   RO         2212    .ARM.Collect$$_printf_percent$$00000017  c_w.l(_printf_percent_end.o)
    0x080001ae   0x00000002   Code   RO         2254    .ARM.Collect$$libinit$$00000000  c_w.l(libinit.o)
    0x080001b0   0x00000000   Code   RO         2261    .ARM.Collect$$libinit$$00000002  c_w.l(libinit2.o)
    0x080001b0   0x00000000   Code   RO         2263    .ARM.Collect$$libinit$$00000004  c_w.l(libinit2.o)
    0x080001b0   0x00000000   Code   RO         2266    .ARM.Collect$$libinit$$0000000A  c_w.l(libinit2.o)
    0x080001b0   0x00000000   Code   RO         2268    .ARM.Collect$$libinit$$0000000C  c_w.l(libinit2.o)
    0x080001b0   0x00000000   Code   RO         2270    .ARM.Collect$$libinit$$0000000E  c_w.l(libinit2.o)
    0x080001b0   0x00000000   Code   RO         2273    .ARM.Collect$$libinit$$00000011  c_w.l(libinit2.o)
    0x080001b0   0x00000000   Code   RO         2275    .ARM.Collect$$libinit$$00000013  c_w.l(libinit2.o)
    0x080001b0   0x00000000   Code   RO         2277    .ARM.Collect$$libinit$$00000015  c_w.l(libinit2.o)
    0x080001b0   0x00000000   Code   RO         2279    .ARM.Collect$$libinit$$00000017  c_w.l(libinit2.o)
    0x080001b0   0x00000000   Code   RO         2281    .ARM.Collect$$libinit$$00000019  c_w.l(libinit2.o)
    0x080001b0   0x00000000   Code   RO         2283    .ARM.Collect$$libinit$$0000001B  c_w.l(libinit2.o)
    0x080001b0   0x00000000   Code   RO         2285    .ARM.Collect$$libinit$$0000001D  c_w.l(libinit2.o)
    0x080001b0   0x00000000   Code   RO         2287    .ARM.Collect$$libinit$$0000001F  c_w.l(libinit2.o)
    0x080001b0   0x00000000   Code   RO         2289    .ARM.Collect$$libinit$$00000021  c_w.l(libinit2.o)
    0x080001b0   0x00000000   Code   RO         2291    .ARM.Collect$$libinit$$00000023  c_w.l(libinit2.o)
    0x080001b0   0x00000000   Code   RO         2293    .ARM.Collect$$libinit$$00000025  c_w.l(libinit2.o)
    0x080001b0   0x00000000   Code   RO         2297    .ARM.Collect$$libinit$$0000002C  c_w.l(libinit2.o)
    0x080001b0   0x00000000   Code   RO         2299    .ARM.Collect$$libinit$$0000002E  c_w.l(libinit2.o)
    0x080001b0   0x00000000   Code   RO         2301    .ARM.Collect$$libinit$$00000030  c_w.l(libinit2.o)
    0x080001b0   0x00000000   Code   RO         2303    .ARM.Collect$$libinit$$00000032  c_w.l(libinit2.o)
    0x080001b0   0x00000002   Code   RO         2304    .ARM.Collect$$libinit$$00000033  c_w.l(libinit2.o)
    0x080001b2   0x00000002   Code   RO         2322    .ARM.Collect$$libshutdown$$00000000  c_w.l(libshutdown.o)
    0x080001b4   0x00000000   Code   RO         2333    .ARM.Collect$$libshutdown$$00000003  c_w.l(libshutdown2.o)
    0x080001b4   0x00000000   Code   RO         2336    .ARM.Collect$$libshutdown$$00000006  c_w.l(libshutdown2.o)
    0x080001b4   0x00000000   Code   RO         2339    .ARM.Collect$$libshutdown$$00000009  c_w.l(libshutdown2.o)
    0x080001b4   0x00000000   Code   RO         2341    .ARM.Collect$$libshutdown$$0000000B  c_w.l(libshutdown2.o)
    0x080001b4   0x00000000   Code   RO         2344    .ARM.Collect$$libshutdown$$0000000E  c_w.l(libshutdown2.o)
    0x080001b4   0x00000002   Code   RO         2345    .ARM.Collect$$libshutdown$$0000000F  c_w.l(libshutdown2.o)
    0x080001b6   0x00000000   Code   RO         2207    .ARM.Collect$$rtentry$$00000000  c_w.l(__rtentry.o)
    0x080001b6   0x00000000   Code   RO         2223    .ARM.Collect$$rtentry$$00000002  c_w.l(__rtentry2.o)
    0x080001b6   0x00000006   Code   RO         2235    .ARM.Collect$$rtentry$$00000004  c_w.l(__rtentry4.o)
    0x080001bc   0x00000000   Code   RO         2225    .ARM.Collect$$rtentry$$00000009  c_w.l(__rtentry2.o)
    0x080001bc   0x00000004   Code   RO         2226    .ARM.Collect$$rtentry$$0000000A  c_w.l(__rtentry2.o)
    0x080001c0   0x00000000   Code   RO         2228    .ARM.Collect$$rtentry$$0000000C  c_w.l(__rtentry2.o)
    0x080001c0   0x00000008   Code   RO         2229    .ARM.Collect$$rtentry$$0000000D  c_w.l(__rtentry2.o)
    0x080001c8   0x00000002   Code   RO         2258    .ARM.Collect$$rtexit$$00000000  c_w.l(rtexit.o)
    0x080001ca   0x00000000   Code   RO         2306    .ARM.Collect$$rtexit$$00000002  c_w.l(rtexit2.o)
    0x080001ca   0x00000004   Code   RO         2307    .ARM.Collect$$rtexit$$00000003  c_w.l(rtexit2.o)
    0x080001ce   0x00000006   Code   RO         2308    .ARM.Collect$$rtexit$$00000004  c_w.l(rtexit2.o)
    0x080001d4   0x0000003c   Code   RO          857    .text               startup_stm32f10x_hd.o
    0x08000210   0x00000002   Code   RO         2120    .text               c_w.l(use_no_semi_2.o)
    0x08000212   0x00000002   PAD
    0x08000214   0x00000018   Code   RO         2124    .text               c_w.l(noretval__2printf.o)
    0x0800022c   0x00000068   Code   RO         2126    .text               c_w.l(__printf.o)
    0x08000294   0x00000058   Code   RO         2131    .text               c_w.l(_printf_hex_int.o)
    0x080002ec   0x00000006   Code   RO         2171    .text               c_w.l(heapauxi.o)
    0x080002f2   0x00000002   Code   RO         2205    .text               c_w.l(use_no_semi.o)
    0x080002f4   0x000000b2   Code   RO         2208    .text               c_w.l(_printf_intcommon.o)
    0x080003a6   0x00000002   PAD
    0x080003a8   0x00000024   Code   RO         2210    .text               c_w.l(_printf_char_file.o)
    0x080003cc   0x00000030   Code   RO         2237    .text               c_w.l(_printf_char_common.o)
    0x080003fc   0x00000008   Code   RO         2239    .text               c_w.l(ferror.o)
    0x08000404   0x0000004a   Code   RO         2243    .text               c_w.l(sys_stackheap_outer.o)
    0x0800044e   0x0000000c   Code   RO         2247    .text               c_w.l(exit.o)
    0x0800045a   0x00000002   PAD
    0x0800045c   0x00000008   Code   RO         2255    .text               c_w.l(libspace.o)
    0x08000464   0x00000002   Code   RO          119    i.BusFault_Handler  stm32f10x_it.o
    0x08000466   0x00000002   Code   RO          120    i.DebugMon_Handler  stm32f10x_it.o
    0x08000468   0x00000042   Code   RO          425    i.EXTI8_Init        exti.o
    0x080004aa   0x00000002   PAD
    0x080004ac   0x00000044   Code   RO          426    i.EXTI9_5_IRQHandler  exti.o
    0x080004f0   0x0000000c   Code   RO         1512    i.EXTI_ClearITPendingBit  stm32f10x_exti.o
    0x080004fc   0x00000020   Code   RO         1516    i.EXTI_GetITStatus  stm32f10x_exti.o
    0x0800051c   0x00000070   Code   RO         1517    i.EXTI_Init         stm32f10x_exti.o
    0x0800058c   0x00000020   Code   RO          908    i.FSMC_NORSRAMCmd   stm32f10x_fsmc.o
    0x080005ac   0x000000c8   Code   RO          910    i.FSMC_NORSRAMInit  stm32f10x_fsmc.o
    0x08000674   0x00000028   Code   RO         1020    i.GPIO_EXTILineConfig  stm32f10x_gpio.o
    0x0800069c   0x0000009c   Code   RO         1023    i.GPIO_Init         stm32f10x_gpio.o
    0x08000738   0x00000058   Code   RO         1025    i.GPIO_PinRemapConfig  stm32f10x_gpio.o
    0x08000790   0x0000000e   Code   RO         1027    i.GPIO_ReadInputDataBit  stm32f10x_gpio.o
    0x0800079e   0x00000004   Code   RO         1031    i.GPIO_SetBits      stm32f10x_gpio.o
    0x080007a2   0x00000002   Code   RO          121    i.HardFault_Handler  stm32f10x_it.o
    0x080007a4   0x0000003c   Code   RO          716    i.KEY_Init          key.o
    0x080007e0   0x000000a8   Code   RO          717    i.KEY_Scan          key.o
    0x08000888   0x0000006c   Code   RO          232    i.LCD_Clear         lcd.o
    0x080008f4   0x00000134   Code   RO          236    i.LCD_Display_Dir   lcd.o
    0x08000a28   0x0000011c   Code   RO          241    i.LCD_Fast_DrawPoint  lcd.o
    0x08000b44   0x00002e14   Code   RO          243    i.LCD_Init          lcd.o
    0x08003958   0x00000010   Code   RO          244    i.LCD_Pow           lcd.o
    0x08003968   0x00000014   Code   RO          245    i.LCD_RD_DATA       lcd.o
    0x0800397c   0x00000018   Code   RO          247    i.LCD_ReadReg       lcd.o
    0x08003994   0x0000003c   Code   RO          248    i.LCD_SSD_BackLightSet  lcd.o
    0x080039d0   0x000001a8   Code   RO          249    i.LCD_Scan_Dir      lcd.o
    0x08003b78   0x00000148   Code   RO          250    i.LCD_SetCursor     lcd.o
    0x08003cc0   0x000000cc   Code   RO          252    i.LCD_ShowChar      lcd.o
    0x08003d8c   0x00000076   Code   RO          253    i.LCD_ShowNum       lcd.o
    0x08003e02   0x00000054   Code   RO          254    i.LCD_ShowString    lcd.o
    0x08003e56   0x00000002   PAD
    0x08003e58   0x00000014   Code   RO          259    i.LCD_WriteRAM_Prepare  lcd.o
    0x08003e6c   0x00000010   Code   RO          260    i.LCD_WriteReg      lcd.o
    0x08003e7c   0x00000050   Code   RO          735    i.LED_Init          led.o
    0x08003ecc   0x00000002   Code   RO          122    i.MemManage_Handler  stm32f10x_it.o
    0x08003ece   0x00000002   Code   RO          123    i.NMI_Handler       stm32f10x_it.o
    0x08003ed0   0x00000064   Code   RO          861    i.NVIC_Init         misc.o
    0x08003f34   0x00000014   Code   RO          862    i.NVIC_PriorityGroupConfig  misc.o
    0x08003f48   0x00000072   Code   RO          496    i.OV7670_Color_Saturation  ov7670.o
    0x08003fba   0x00000026   Code   RO          497    i.OV7670_Contrast   ov7670.o
    0x08003fe0   0x00000110   Code   RO          498    i.OV7670_Init       ov7670.o
    0x080040f0   0x00000052   Code   RO          499    i.OV7670_Light_Mode  ov7670.o
    0x08004142   0x00000054   Code   RO          500    i.OV7670_Special_Effects  ov7670.o
    0x08004196   0x0000006e   Code   RO          501    i.OV7670_Window_Set  ov7670.o
    0x08004204   0x0000016c   Code   RO          602    i.PID               control.o
    0x08004370   0x00000002   Code   RO          124    i.PendSV_Handler    stm32f10x_it.o
    0x08004372   0x00000002   PAD
    0x08004374   0x00000018   Code   RO         1132    i.RCC_AHBPeriphClockCmd  stm32f10x_rcc.o
    0x0800438c   0x00000018   Code   RO         1133    i.RCC_APB1PeriphClockCmd  stm32f10x_rcc.o
    0x080043a4   0x00000018   Code   RO         1135    i.RCC_APB2PeriphClockCmd  stm32f10x_rcc.o
    0x080043bc   0x00000094   Code   RO         1143    i.RCC_GetClocksFreq  stm32f10x_rcc.o
    0x08004450   0x0000006c   Code   RO          549    i.SCCB_Init         sccb.o
    0x080044bc   0x00000044   Code   RO          550    i.SCCB_No_Ack       sccb.o
    0x08004500   0x00000074   Code   RO          551    i.SCCB_RD_Byte      sccb.o
    0x08004574   0x0000004c   Code   RO          552    i.SCCB_RD_Reg       sccb.o
    0x080045c0   0x00000034   Code   RO          553    i.SCCB_Start        sccb.o
    0x080045f4   0x00000038   Code   RO          554    i.SCCB_Stop         sccb.o
    0x0800462c   0x00000090   Code   RO          555    i.SCCB_WR_Byte      sccb.o
    0x080046bc   0x0000003e   Code   RO          556    i.SCCB_WR_Reg       sccb.o
    0x080046fa   0x00000002   Code   RO          125    i.SVC_Handler       stm32f10x_it.o
    0x080046fc   0x000000a8   Code   RO          202    i.SetSysClockTo72   system_stm32f10x.o
    0x080047a4   0x0000005c   Code   RO          603    i.Set_PWM           control.o
    0x08004800   0x0000000c   Code   RO          446    i.Set_PWM_X         timer.o
    0x0800480c   0x0000000c   Code   RO          447    i.Set_PWM_Y         timer.o
    0x08004818   0x00000018   Code   RO          865    i.SysTick_CLKSourceConfig  misc.o
    0x08004830   0x00000002   Code   RO          126    i.SysTick_Handler   stm32f10x_it.o
    0x08004832   0x00000002   PAD
    0x08004834   0x00000050   Code   RO          204    i.SystemInit        system_stm32f10x.o
    0x08004884   0x000000ac   Code   RO          448    i.TIM3_PWM_Init     timer.o
    0x08004930   0x000000a8   Code   RO          449    i.TIM6_IRQHandler   timer.o
    0x080049d8   0x00000060   Code   RO          450    i.TIM6_Int_Init     timer.o
    0x08004a38   0x00000014   Code   RO         1567    i.TIM_ARRPreloadConfig  stm32f10x_tim.o
    0x08004a4c   0x00000006   Code   RO         1574    i.TIM_ClearITPendingBit  stm32f10x_tim.o
    0x08004a52   0x00000014   Code   RO         1579    i.TIM_Cmd           stm32f10x_tim.o
    0x08004a66   0x00000016   Code   RO         1581    i.TIM_CtrlPWMOutputs  stm32f10x_tim.o
    0x08004a7c   0x00000018   Code   RO         1600    i.TIM_GetITStatus   stm32f10x_tim.o
    0x08004a94   0x00000010   Code   RO         1604    i.TIM_ITConfig      stm32f10x_tim.o
    0x08004aa4   0x00000080   Code   RO         1608    i.TIM_OC1Init       stm32f10x_tim.o
    0x08004b24   0x0000000c   Code   RO         1611    i.TIM_OC1PreloadConfig  stm32f10x_tim.o
    0x08004b30   0x00000080   Code   RO         1613    i.TIM_OC2Init       stm32f10x_tim.o
    0x08004bb0   0x00000014   Code   RO         1616    i.TIM_OC2PreloadConfig  stm32f10x_tim.o
    0x08004bc4   0x00000004   Code   RO         1640    i.TIM_SetCompare1   stm32f10x_tim.o
    0x08004bc8   0x00000004   Code   RO         1641    i.TIM_SetCompare2   stm32f10x_tim.o
    0x08004bcc   0x0000009c   Code   RO         1650    i.TIM_TimeBaseInit  stm32f10x_tim.o
    0x08004c68   0x00000064   Code   RO          802    i.USART1_IRQHandler  usart.o
    0x08004ccc   0x00000014   Code   RO         1335    i.USART_Cmd         stm32f10x_usart.o
    0x08004ce0   0x0000003e   Code   RO         1339    i.USART_GetITStatus  stm32f10x_usart.o
    0x08004d1e   0x00000030   Code   RO         1341    i.USART_ITConfig    stm32f10x_usart.o
    0x08004d4e   0x00000002   PAD
    0x08004d50   0x000000ac   Code   RO         1342    i.USART_Init        stm32f10x_usart.o
    0x08004dfc   0x00000008   Code   RO         1349    i.USART_ReceiveData  stm32f10x_usart.o
    0x08004e04   0x00000002   Code   RO          127    i.UsageFault_Handler  stm32f10x_it.o
    0x08004e06   0x00000002   Code   RO          803    i._sys_exit         usart.o
    0x08004e08   0x00000144   Code   RO          604    i.camera_refresh    control.o
    0x08004f4c   0x0000003c   Code   RO          747    i.delay_init        delay.o
    0x08004f88   0x00000034   Code   RO          748    i.delay_ms          delay.o
    0x08004fbc   0x00000034   Code   RO          749    i.delay_us          delay.o
    0x08004ff0   0x00000018   Code   RO          804    i.fputc             usart.o
    0x08005008   0x000004c4   Code   RO            1    i.main              main.o
    0x080054cc   0x00000068   Code   RO         2098    i.select_choice     gai.o
    0x08005534   0x000000a4   Code   RO          661    i.task1             task.o
    0x080055d8   0x00000074   Code   RO          662    i.task2             task.o
    0x0800564c   0x0000011c   Code   RO          663    i.task3             task.o
    0x08005768   0x0000011c   Code   RO          664    i.task4             task.o
    0x08005884   0x000001ac   Code   RO          665    i.task5             task.o
    0x08005a30   0x000001dc   Code   RO          666    i.task6             task.o
    0x08005c0c   0x00000120   Code   RO          667    i.task7             task.o
    0x08005d2c   0x000000a0   Code   RO          805    i.uart_init         usart.o
    0x08005dcc   0x0000005a   Code   RO         2175    x$fpl$dfixu         fz_ws.l(dfixu.o)
    0x08005e26   0x00000026   Code   RO         2179    x$fpl$dfltu         fz_ws.l(dflt_clz.o)
    0x08005e4c   0x00000154   Code   RO         2185    x$fpl$dmul          fz_ws.l(dmul.o)
    0x08005fa0   0x0000009c   Code   RO         2213    x$fpl$dnaninf       fz_ws.l(dnaninf.o)
    0x0800603c   0x0000000c   Code   RO         2215    x$fpl$dretinf       fz_ws.l(dretinf.o)
    0x08006048   0x000000c4   Code   RO         2187    x$fpl$fadd          fz_ws.l(faddsub_clz.o)
    0x0800610c   0x00000036   Code   RO         2193    x$fpl$ffix          fz_ws.l(ffix.o)
    0x08006142   0x00000002   PAD
    0x08006144   0x00000030   Code   RO         2198    x$fpl$fflt          fz_ws.l(fflt_clz.o)
    0x08006174   0x00000026   Code   RO         2197    x$fpl$ffltu         fz_ws.l(fflt_clz.o)
    0x0800619a   0x00000002   PAD
    0x0800619c   0x00000102   Code   RO         2203    x$fpl$fmul          fz_ws.l(fmul.o)
    0x0800629e   0x0000008c   Code   RO         2217    x$fpl$fnaninf       fz_ws.l(fnaninf.o)
    0x0800632a   0x0000000a   Code   RO         2219    x$fpl$fretinf       fz_ws.l(fretinf.o)
    0x08006334   0x000000ea   Code   RO         2189    x$fpl$fsub          fz_ws.l(faddsub_clz.o)
    0x0800641e   0x00000000   Code   RO         2221    x$fpl$usenofp       fz_ws.l(usenofp.o)
    0x0800641e   0x000017c0   Data   RO          263    .constdata          lcd.o
    0x08007bde   0x00000150   Data   RO          502    .constdata          ov7670.o
    0x08007d2e   0x00000028   Data   RO         2132    .constdata          c_w.l(_printf_hex_int.o)
    0x08007d56   0x00000002   PAD
    0x08007d58   0x00000020   Data   RO         2377    Region$$Table       anon$$obj.o


    Execution Region RW_IRAM1 (Base: 0x20000000, Size: 0x00000650, Max: 0x00010000, ABSOLUTE)

    Base Addr    Size         Type   Attr      Idx    E Section Name        Object

    0x20000000   0x00000014   Data   RW          205    .data               system_stm32f10x.o
    0x20000014   0x00000004   Data   RW          264    .data               lcd.o
    0x20000018   0x00000001   Data   RW          427    .data               exti.o
    0x20000019   0x00000003   PAD
    0x2000001c   0x00000008   Data   RW          451    .data               timer.o
    0x20000024   0x0000001a   Data   RW          607    .data               control.o
    0x2000003e   0x00000008   Data   RW          648    .data               global.o
    0x20000046   0x00000004   Data   RW          649    .data               global.o
    0x2000004a   0x00000002   Data   RW          669    .data               task.o
    0x2000004c   0x00000001   Data   RW          718    .data               key.o
    0x2000004d   0x00000001   PAD
    0x2000004e   0x00000004   Data   RW          750    .data               delay.o
    0x20000052   0x00000002   Data   RW          807    .data               usart.o
    0x20000054   0x00000004   Data   RW          808    .data               usart.o
    0x20000058   0x00000014   Data   RW         1163    .data               stm32f10x_rcc.o
    0x2000006c   0x00000005   Data   RW         2099    .data               gai.o
    0x20000071   0x00000003   PAD
    0x20000074   0x00000048   Data   RW         2100    .data               gai.o
    0x200000bc   0x00000004   Data   RW         2101    .data               gai.o
    0x200000c0   0x0000000e   Zero   RW          262    .bss                lcd.o
    0x200000ce   0x00000002   PAD
    0x200000d0   0x00000030   Zero   RW          606    .bss                control.o
    0x20000100   0x00000024   Zero   RW          668    .bss                task.o
    0x20000124   0x000000c8   Zero   RW          806    .bss                usart.o
    0x200001ec   0x00000060   Zero   RW         2256    .bss                c_w.l(libspace.o)
    0x2000024c   0x00000004   PAD
    0x20000250   0x00000000   Zero   RW          855    HEAP                startup_stm32f10x_hd.o
    0x20000250   0x00000400   Zero   RW          854    STACK               startup_stm32f10x_hd.o


==============================================================================

Image component sizes


      Code (inc. data)   RO Data    RW Data    ZI Data      Debug   Object Name

       780         76          0         26         48       3343   control.o
       164         26          0          4          0       1751   delay.o
       134         14          0          1          0       1379   exti.o
       104         20          0         81          0       1655   gai.o
         0          0          0         12          0       1088   global.o
       228         22          0          1          0       1246   key.o
     13810        162       6080          4         14      51503   lcd.o
        80         10          0          0          0        539   led.o
      1220        102          0          0          0     264523   main.o
       144         16          0          0          0       2077   misc.o
       700         38        336          0          0       4621   ov7670.o
       682         66          0          0          0       5015   sccb.o
        60         22        304          0       1024        820   startup_stm32f10x_hd.o
       156         14          0          0          0       2180   stm32f10x_exti.o
       232          6          0          0          0       1905   stm32f10x_fsmc.o
       302         12          0          0          0       4287   stm32f10x_gpio.o
        18          0          0          0          0       3974   stm32f10x_it.o
       220         34          0         20          0       5082   stm32f10x_rcc.o
       560         72          0          0          0       8995   stm32f10x_tim.o
       310          6          0          0          0       4802   stm32f10x_usart.o
         0          0          0          0          0         32   sys.o
       248         24          0         20          0       1857   system_stm32f10x.o
      2040        246          0          2         36       6009   task.o
       460         40          0          8          0       3247   timer.o
       286         26          0          6        200       4220   usart.o

    ----------------------------------------------------------------------
     22948       1054       6752        192       1324     386150   Object Totals
         0          0         32          0          0          0   (incl. Generated)
        10          0          0          7          2          0   (incl. Padding)

    ----------------------------------------------------------------------

      Code (inc. data)   RO Data    RW Data    ZI Data      Debug   Library Member Name

         8          0          0          0          0         68   __main.o
       104          0          0          0          0         84   __printf.o
         0          0          0          0          0          0   __rtentry.o
        12          0          0          0          0          0   __rtentry2.o
         6          0          0          0          0          0   __rtentry4.o
        52          8          0          0          0          0   __scatter.o
        26          0          0          0          0          0   __scatter_copy.o
        28          0          0          0          0          0   __scatter_zi.o
        48          6          0          0          0         96   _printf_char_common.o
        36          4          0          0          0         80   _printf_char_file.o
        88          4         40          0          0         88   _printf_hex_int.o
       178          0          0          0          0         88   _printf_intcommon.o
         0          0          0          0          0          0   _printf_percent.o
         4          0          0          0          0          0   _printf_percent_end.o
         6          0          0          0          0          0   _printf_x.o
        12          0          0          0          0         72   exit.o
         8          0          0          0          0         68   ferror.o
         6          0          0          0          0        152   heapauxi.o
         2          0          0          0          0          0   libinit.o
         2          0          0          0          0          0   libinit2.o
         2          0          0          0          0          0   libshutdown.o
         2          0          0          0          0          0   libshutdown2.o
         8          4          0          0         96         68   libspace.o
        24          4          0          0          0         84   noretval__2printf.o
         2          0          0          0          0          0   rtexit.o
        10          0          0          0          0          0   rtexit2.o
        74          0          0          0          0         80   sys_stackheap_outer.o
         2          0          0          0          0         68   use_no_semi.o
         2          0          0          0          0         68   use_no_semi_2.o
        90          4          0          0          0         92   dfixu.o
        38          0          0          0          0         68   dflt_clz.o
       340         12          0          0          0        104   dmul.o
       156          4          0          0          0         92   dnaninf.o
        12          0          0          0          0         68   dretinf.o
       430          8          0          0          0        168   faddsub_clz.o
        54          4          0          0          0         84   ffix.o
        86          0          0          0          0        136   fflt_clz.o
       258          4          0          0          0         84   fmul.o
       140          4          0          0          0         84   fnaninf.o
        10          0          0          0          0         68   fretinf.o
         0          0          0          0          0          0   usenofp.o

    ----------------------------------------------------------------------
      2378         70         42          0        100       2212   Library Totals
        12          0          2          0          4          0   (incl. Padding)

    ----------------------------------------------------------------------

      Code (inc. data)   RO Data    RW Data    ZI Data      Debug   Library Name

       752         30         40          0         96       1164   c_w.l
      1614         40          0          0          0       1048   fz_ws.l

    ----------------------------------------------------------------------
      2378         70         42          0        100       2212   Library Totals

    ----------------------------------------------------------------------

==============================================================================


      Code (inc. data)   RO Data    RW Data    ZI Data      Debug   

     25326       1124       6794        192       1424     382066   Grand Totals
     25326       1124       6794        192       1424     382066   ELF Image Totals
     25326       1124       6794        192          0          0   ROM Totals

==============================================================================

    Total RO  Size (Code + RO Data)                32120 (  31.37kB)
    Total RW  Size (RW Data + ZI Data)              1616 (   1.58kB)
    Total ROM Size (Code + RO Data + RW Data)      32312 (  31.55kB)

==============================================================================

